Component: ARM Compiler 5.06 update 5 (build 528) Tool: armlink [4d35e2]

==============================================================================

Section Cross References

    startup_stm32f10x_md.o(RESET) refers to startup_stm32f10x_md.o(STACK) for __initial_sp
    startup_stm32f10x_md.o(RESET) refers to startup_stm32f10x_md.o(.text) for Reset_Handler
    startup_stm32f10x_md.o(RESET) refers to stm32f10x_it.o(i.NMI_Handler) for NMI_Handler
    startup_stm32f10x_md.o(RESET) refers to stm32f10x_it.o(i.HardFault_Handler) for HardFault_Handler
    startup_stm32f10x_md.o(RESET) refers to stm32f10x_it.o(i.MemManage_Handler) for MemManage_Handler
    startup_stm32f10x_md.o(RESET) refers to stm32f10x_it.o(i.BusFault_Handler) for BusFault_Handler
    startup_stm32f10x_md.o(RESET) refers to stm32f10x_it.o(i.UsageFault_Handler) for UsageFault_Handler
    startup_stm32f10x_md.o(RESET) refers to stm32f10x_it.o(i.SVC_Handler) for SVC_Handler
    startup_stm32f10x_md.o(RESET) refers to stm32f10x_it.o(i.DebugMon_Handler) for DebugMon_Handler
    startup_stm32f10x_md.o(RESET) refers to stm32f10x_it.o(i.PendSV_Handler) for PendSV_Handler
    startup_stm32f10x_md.o(RESET) refers to stm32f10x_it.o(i.SysTick_Handler) for SysTick_Handler
    startup_stm32f10x_md.o(RESET) refers to bsp_key.o(i.EXTI0_IRQHandler) for EXTI0_IRQHandler
    startup_stm32f10x_md.o(RESET) refers to bsp_key.o(i.EXTI1_IRQHandler) for EXTI1_IRQHandler
    startup_stm32f10x_md.o(RESET) refers to bsp_usart.o(i.USART1_IRQHandler) for USART1_IRQHandler
    startup_stm32f10x_md.o(RESET) refers to bsp_usart.o(i.USART2_IRQHandler) for USART2_IRQHandler
    startup_stm32f10x_md.o(RESET) refers to bsp_usart.o(i.USART3_IRQHandler) for USART3_IRQHandler
    startup_stm32f10x_md.o(.text) refers to system_stm32f10x.o(i.SystemInit) for SystemInit
    startup_stm32f10x_md.o(.text) refers to entry.o(.ARM.Collect$$$$00000000) for __main
    system_stm32f10x.o(i.SetSysClock) refers to system_stm32f10x.o(i.SetSysClockTo72) for SetSysClockTo72
    system_stm32f10x.o(i.SystemCoreClockUpdate) refers to system_stm32f10x.o(.data) for SystemCoreClock
    system_stm32f10x.o(i.SystemInit) refers to system_stm32f10x.o(i.SetSysClock) for SetSysClock
    stm32f10x_adc.o(i.ADC_DeInit) refers to stm32f10x_rcc.o(i.RCC_APB2PeriphResetCmd) for RCC_APB2PeriphResetCmd
    stm32f10x_bkp.o(i.BKP_DeInit) refers to stm32f10x_rcc.o(i.RCC_BackupResetCmd) for RCC_BackupResetCmd
    stm32f10x_can.o(i.CAN_DeInit) refers to stm32f10x_rcc.o(i.RCC_APB1PeriphResetCmd) for RCC_APB1PeriphResetCmd
    stm32f10x_can.o(i.CAN_GetITStatus) refers to stm32f10x_can.o(i.CheckITStatus) for CheckITStatus
    stm32f10x_cec.o(i.CEC_DeInit) refers to stm32f10x_rcc.o(i.RCC_APB1PeriphResetCmd) for RCC_APB1PeriphResetCmd
    stm32f10x_dac.o(i.DAC_DeInit) refers to stm32f10x_rcc.o(i.RCC_APB1PeriphResetCmd) for RCC_APB1PeriphResetCmd
    stm32f10x_flash.o(i.FLASH_EnableWriteProtection) refers to stm32f10x_flash.o(i.FLASH_WaitForLastOperation) for FLASH_WaitForLastOperation
    stm32f10x_flash.o(i.FLASH_EraseAllBank1Pages) refers to stm32f10x_flash.o(i.FLASH_WaitForLastBank1Operation) for FLASH_WaitForLastBank1Operation
    stm32f10x_flash.o(i.FLASH_EraseAllPages) refers to stm32f10x_flash.o(i.FLASH_WaitForLastOperation) for FLASH_WaitForLastOperation
    stm32f10x_flash.o(i.FLASH_EraseOptionBytes) refers to stm32f10x_flash.o(i.FLASH_GetReadOutProtectionStatus) for FLASH_GetReadOutProtectionStatus
    stm32f10x_flash.o(i.FLASH_EraseOptionBytes) refers to stm32f10x_flash.o(i.FLASH_WaitForLastOperation) for FLASH_WaitForLastOperation
    stm32f10x_flash.o(i.FLASH_ErasePage) refers to stm32f10x_flash.o(i.FLASH_WaitForLastOperation) for FLASH_WaitForLastOperation
    stm32f10x_flash.o(i.FLASH_ProgramHalfWord) refers to stm32f10x_flash.o(i.FLASH_WaitForLastOperation) for FLASH_WaitForLastOperation
    stm32f10x_flash.o(i.FLASH_ProgramOptionByteData) refers to stm32f10x_flash.o(i.FLASH_WaitForLastOperation) for FLASH_WaitForLastOperation
    stm32f10x_flash.o(i.FLASH_ProgramWord) refers to stm32f10x_flash.o(i.FLASH_WaitForLastOperation) for FLASH_WaitForLastOperation
    stm32f10x_flash.o(i.FLASH_ReadOutProtection) refers to stm32f10x_flash.o(i.FLASH_WaitForLastOperation) for FLASH_WaitForLastOperation
    stm32f10x_flash.o(i.FLASH_UserOptionByteConfig) refers to stm32f10x_flash.o(i.FLASH_WaitForLastOperation) for FLASH_WaitForLastOperation
    stm32f10x_flash.o(i.FLASH_WaitForLastBank1Operation) refers to stm32f10x_flash.o(i.FLASH_GetBank1Status) for FLASH_GetBank1Status
    stm32f10x_flash.o(i.FLASH_WaitForLastOperation) refers to stm32f10x_flash.o(i.FLASH_GetBank1Status) for FLASH_GetBank1Status
    stm32f10x_gpio.o(i.GPIO_AFIODeInit) refers to stm32f10x_rcc.o(i.RCC_APB2PeriphResetCmd) for RCC_APB2PeriphResetCmd
    stm32f10x_gpio.o(i.GPIO_DeInit) refers to stm32f10x_rcc.o(i.RCC_APB2PeriphResetCmd) for RCC_APB2PeriphResetCmd
[...]
    Removing stm32f10x_rcc.o(i.RCC_HCLKConfig), (24 bytes).
    Removing stm32f10x_rcc.o(i.RCC_HSEConfig), (76 bytes).
    Removing stm32f10x_rcc.o(i.RCC_HSICmd), (12 bytes).
    Removing stm32f10x_rcc.o(i.RCC_ITConfig), (32 bytes).
    Removing stm32f10x_rcc.o(i.RCC_LSEConfig), (52 bytes).
    Removing stm32f10x_rcc.o(i.RCC_LSICmd), (12 bytes).
    Removing stm32f10x_rcc.o(i.RCC_MCOConfig), (12 bytes).
    Removing stm32f10x_rcc.o(i.RCC_PCLK1Config), (24 bytes).
    Removing stm32f10x_rcc.o(i.RCC_PCLK2Config), (24 bytes).
    Removing stm32f10x_rcc.o(i.RCC_PLLCmd), (12 bytes).
    Removing stm32f10x_rcc.o(i.RCC_PLLConfig), (28 bytes).
    Removing stm32f10x_rcc.o(i.RCC_RTCCLKCmd), (12 bytes).
    Removing stm32f10x_rcc.o(i.RCC_RTCCLKConfig), (16 bytes).
    Removing stm32f10x_rcc.o(i.RCC_SYSCLKConfig), (24 bytes).
    Removing stm32f10x_rcc.o(i.RCC_USBCLKConfig), (12 bytes).
    Removing stm32f10x_rcc.o(i.RCC_WaitForHSEStartUp), (56 bytes).
    Removing stm32f10x_rtc.o(i.RTC_ClearFlag), (16 bytes).
    Removing stm32f10x_rtc.o(i.RTC_ClearITPendingBit), (16 bytes).
    Removing stm32f10x_rtc.o(i.RTC_EnterConfigMode), (20 bytes).
    Removing stm32f10x_rtc.o(i.RTC_ExitConfigMode), (20 bytes).
    Removing stm32f10x_rtc.o(i.RTC_GetCounter), (20 bytes).
    Removing stm32f10x_rtc.o(i.RTC_GetDivider), (24 bytes).
    Removing stm32f10x_rtc.o(i.RTC_GetFlagStatus), (24 bytes).
    Removing stm32f10x_rtc.o(i.RTC_GetITStatus), (36 bytes).
    Removing stm32f10x_rtc.o(i.RTC_ITConfig), (32 bytes).
    Removing stm32f10x_rtc.o(i.RTC_SetAlarm), (28 bytes).
    Removing stm32f10x_rtc.o(i.RTC_SetCounter), (28 bytes).
    Removing stm32f10x_rtc.o(i.RTC_SetPrescaler), (32 bytes).
    Removing stm32f10x_rtc.o(i.RTC_WaitForLastTask), (20 bytes).
    Removing stm32f10x_rtc.o(i.RTC_WaitForSynchro), (36 bytes).
    Removing stm32f10x_sdio.o(i.SDIO_CEATAITCmd), (16 bytes).
    Removing stm32f10x_sdio.o(i.SDIO_ClearFlag), (12 bytes).
    Removing stm32f10x_sdio.o(i.SDIO_ClearITPendingBit), (12 bytes).
    Removing stm32f10x_sdio.o(i.SDIO_ClockCmd), (12 bytes).
    Removing stm32f10x_sdio.o(i.SDIO_CmdStructInit), (14 bytes).
    Removing stm32f10x_sdio.o(i.SDIO_CommandCompletionCmd), (12 bytes).
    Removing stm32f10x_sdio.o(i.SDIO_DMACmd), (12 bytes).
    Removing stm32f10x_sdio.o(i.SDIO_DataConfig), (48 bytes).
    Removing stm32f10x_sdio.o(i.SDIO_DataStructInit), (20 bytes).
    Removing stm32f10x_sdio.o(i.SDIO_DeInit), (36 bytes).
    Removing stm32f10x_sdio.o(i.SDIO_GetCommandResponse), (12 bytes).
    Removing stm32f10x_sdio.o(i.SDIO_GetDataCounter), (12 bytes).
    Removing stm32f10x_sdio.o(i.SDIO_GetFIFOCount), (12 bytes).
    Removing stm32f10x_sdio.o(i.SDIO_GetFlagStatus), (24 bytes).
    Removing stm32f10x_sdio.o(i.SDIO_GetITStatus), (24 bytes).
    Removing stm32f10x_sdio.o(i.SDIO_GetPowerState), (16 bytes).
    Removing stm32f10x_sdio.o(i.SDIO_GetResponse), (24 bytes).
    Removing stm32f10x_sdio.o(i.SDIO_ITConfig), (32 bytes).
    Removing stm32f10x_sdio.o(i.SDIO_Init), (48 bytes).
    Removing stm32f10x_sdio.o(i.SDIO_ReadData), (12 bytes).
    Removing stm32f10x_sdio.o(i.SDIO_SendCEATACmd), (12 bytes).
    Removing stm32f10x_sdio.o(i.SDIO_SendCommand), (44 bytes).
    Removing stm32f10x_sdio.o(i.SDIO_SendSDIOSuspendCmd), (12 bytes).
    Removing stm32f10x_sdio.o(i.SDIO_SetPowerState), (28 bytes).
    Removing stm32f10x_sdio.o(i.SDIO_SetSDIOOperation), (12 bytes).
    Removing stm32f10x_sdio.o(i.SDIO_SetSDIOReadWaitMode), (12 bytes).
    Removing stm32f10x_sdio.o(i.SDIO_StartSDIOReadWait), (12 bytes).
    Removing stm32f10x_sdio.o(i.SDIO_StopSDIOReadWait), (12 bytes).
    Removing stm32f10x_sdio.o(i.SDIO_StructInit), (16 bytes).
    Removing stm32f10x_sdio.o(i.SDIO_WriteData), (12 bytes).
    Removing stm32f10x_spi.o(i.I2S_Cmd), (24 bytes).
    Removing stm32f10x_spi.o(i.I2S_Init), (232 bytes).
    Removing stm32f10x_spi.o(i.I2S_StructInit), (20 bytes).
    Removing stm32f10x_spi.o(i.SPI_BiDirectionalLineConfig), (28 bytes).
    Removing stm32f10x_spi.o(i.SPI_CalculateCRC), (24 bytes).
    Removing stm32f10x_spi.o(i.SPI_Cmd), (24 bytes).
    Removing stm32f10x_spi.o(i.SPI_DataSizeConfig), (18 bytes).
    Removing stm32f10x_spi.o(i.SPI_GetCRC), (16 bytes).
    Removing stm32f10x_spi.o(i.SPI_GetCRCPolynomial), (6 bytes).
    Removing stm32f10x_spi.o(i.SPI_I2S_ClearFlag), (6 bytes).
    Removing stm32f10x_spi.o(i.SPI_I2S_ClearITPendingBit), (20 bytes).
    Removing stm32f10x_spi.o(i.SPI_I2S_DMACmd), (18 bytes).
    Removing stm32f10x_spi.o(i.SPI_I2S_DeInit), (88 bytes).
    Removing stm32f10x_spi.o(i.SPI_I2S_GetFlagStatus), (18 bytes).
    Removing stm32f10x_spi.o(i.SPI_I2S_GetITStatus), (52 bytes).
    Removing stm32f10x_spi.o(i.SPI_I2S_ITConfig), (32 bytes).
    Removing stm32f10x_spi.o(i.SPI_I2S_ReceiveData), (6 bytes).
    Removing stm32f10x_spi.o(i.SPI_I2S_SendData), (4 bytes).
    Removing stm32f10x_spi.o(i.SPI_Init), (60 bytes).
    Removing stm32f10x_spi.o(i.SPI_NSSInternalSoftwareConfig), (30 bytes).
    Removing stm32f10x_spi.o(i.SPI_SSOutputCmd), (24 bytes).
    Removing stm32f10x_spi.o(i.SPI_StructInit), (24 bytes).
    Removing stm32f10x_spi.o(i.SPI_TransmitCRC), (10 bytes).
    Removing stm32f10x_tim.o(i.TI1_Config), (128 bytes).
    Removing stm32f10x_tim.o(i.TI2_Config), (152 bytes).
    Removing stm32f10x_tim.o(i.TI3_Config), (144 bytes).
    Removing stm32f10x_tim.o(i.TI4_Config), (152 bytes).
    Removing stm32f10x_tim.o(i.TIM_ARRPreloadConfig), (24 bytes).
    Removing stm32f10x_tim.o(i.TIM_BDTRConfig), (32 bytes).
    Removing stm32f10x_tim.o(i.TIM_BDTRStructInit), (18 bytes).
    Removing stm32f10x_tim.o(i.TIM_CCPreloadControl), (24 bytes).
    Removing stm32f10x_tim.o(i.TIM_CCxCmd), (30 bytes).
    Removing stm32f10x_tim.o(i.TIM_CCxNCmd), (30 bytes).
    Removing stm32f10x_tim.o(i.TIM_ClearFlag), (6 bytes).
    Removing stm32f10x_tim.o(i.TIM_ClearITPendingBit), (6 bytes).
    Removing stm32f10x_tim.o(i.TIM_ClearOC1Ref), (18 bytes).
    Removing stm32f10x_tim.o(i.TIM_ClearOC2Ref), (24 bytes).
    Removing stm32f10x_tim.o(i.TIM_ClearOC3Ref), (18 bytes).
    Removing stm32f10x_tim.o(i.TIM_ClearOC4Ref), (24 bytes).
    Removing stm32f10x_tim.o(i.TIM_Cmd), (24 bytes).
    Removing stm32f10x_tim.o(i.TIM_CounterModeConfig), (18 bytes).
    Removing stm32f10x_tim.o(i.TIM_CtrlPWMOutputs), (30 bytes).
    Removing stm32f10x_tim.o(i.TIM_DMACmd), (18 bytes).
    Removing stm32f10x_tim.o(i.TIM_DMAConfig), (10 bytes).
    Removing stm32f10x_tim.o(i.TIM_DeInit), (488 bytes).
    Removing stm32f10x_tim.o(i.TIM_ETRClockMode1Config), (54 bytes).
    Removing stm32f10x_tim.o(i.TIM_ETRClockMode2Config), (32 bytes).
    Removing stm32f10x_tim.o(i.TIM_ETRConfig), (28 bytes).
    Removing stm32f10x_tim.o(i.TIM_EncoderInterfaceConfig), (66 bytes).
    Removing stm32f10x_tim.o(i.TIM_ForcedOC1Config), (18 bytes).
    Removing stm32f10x_tim.o(i.TIM_ForcedOC2Config), (26 bytes).
    Removing stm32f10x_tim.o(i.TIM_ForcedOC3Config), (18 bytes).
    Removing stm32f10x_tim.o(i.TIM_ForcedOC4Config), (26 bytes).
    Removing stm32f10x_tim.o(i.TIM_GenerateEvent), (4 bytes).
    Removing stm32f10x_tim.o(i.TIM_GetCapture1), (6 bytes).
    Removing stm32f10x_tim.o(i.TIM_GetCapture2), (6 bytes).
    Removing stm32f10x_tim.o(i.TIM_GetCapture3), (6 bytes).
    Removing stm32f10x_tim.o(i.TIM_GetCapture4), (8 bytes).
    Removing stm32f10x_tim.o(i.TIM_GetCounter), (6 bytes).
    Removing stm32f10x_tim.o(i.TIM_GetFlagStatus), (18 bytes).
    Removing stm32f10x_tim.o(i.TIM_GetITStatus), (34 bytes).
    Removing stm32f10x_tim.o(i.TIM_GetPrescaler), (6 bytes).
    Removing stm32f10x_tim.o(i.TIM_ICInit), (172 bytes).
    Removing stm32f10x_tim.o(i.TIM_ICStructInit), (18 bytes).
    Removing stm32f10x_tim.o(i.TIM_ITConfig), (18 bytes).
    Removing stm32f10x_tim.o(i.TIM_ITRxExternalClockConfig), (24 bytes).
    Removing stm32f10x_tim.o(i.TIM_InternalClockConfig), (12 bytes).
    Removing stm32f10x_tim.o(i.TIM_OC1FastConfig), (18 bytes).
    Removing stm32f10x_tim.o(i.TIM_OC1Init), (152 bytes).
    Removing stm32f10x_tim.o(i.TIM_OC1NPolarityConfig), (18 bytes).
    Removing stm32f10x_tim.o(i.TIM_OC1PolarityConfig), (18 bytes).
    Removing stm32f10x_tim.o(i.TIM_OC1PreloadConfig), (18 bytes).
    Removing stm32f10x_tim.o(i.TIM_OC2FastConfig), (26 bytes).
    Removing stm32f10x_tim.o(i.TIM_OC2Init), (164 bytes).
    Removing stm32f10x_tim.o(i.TIM_OC2NPolarityConfig), (26 bytes).
    Removing stm32f10x_tim.o(i.TIM_OC2PolarityConfig), (26 bytes).
    Removing stm32f10x_tim.o(i.TIM_OC2PreloadConfig), (26 bytes).
    Removing stm32f10x_tim.o(i.TIM_OC3FastConfig), (18 bytes).
    Removing stm32f10x_tim.o(i.TIM_OC3Init), (160 bytes).
    Removing stm32f10x_tim.o(i.TIM_OC3NPolarityConfig), (26 bytes).
    Removing stm32f10x_tim.o(i.TIM_OC3PolarityConfig), (26 bytes).
    Removing stm32f10x_tim.o(i.TIM_OC3PreloadConfig), (18 bytes).
    Removing stm32f10x_tim.o(i.TIM_OC4FastConfig), (26 bytes).
    Removing stm32f10x_tim.o(i.TIM_OC4Init), (124 bytes).
    Removing stm32f10x_tim.o(i.TIM_OC4PolarityConfig), (26 bytes).
    Removing stm32f10x_tim.o(i.TIM_OC4PreloadConfig), (26 bytes).
    Removing stm32f10x_tim.o(i.TIM_OCStructInit), (20 bytes).
    Removing stm32f10x_tim.o(i.TIM_PWMIConfig), (124 bytes).
    Removing stm32f10x_tim.o(i.TIM_PrescalerConfig), (6 bytes).
    Removing stm32f10x_tim.o(i.TIM_SelectCCDMA), (24 bytes).
    Removing stm32f10x_tim.o(i.TIM_SelectCOM), (24 bytes).
    Removing stm32f10x_tim.o(i.TIM_SelectHallSensor), (24 bytes).
    Removing stm32f10x_tim.o(i.TIM_SelectInputTrigger), (18 bytes).
    Removing stm32f10x_tim.o(i.TIM_SelectMasterSlaveMode), (18 bytes).
    Removing stm32f10x_tim.o(i.TIM_SelectOCxM), (82 bytes).
    Removing stm32f10x_tim.o(i.TIM_SelectOnePulseMode), (18 bytes).
    Removing stm32f10x_tim.o(i.TIM_SelectOutputTrigger), (18 bytes).
    Removing stm32f10x_tim.o(i.TIM_SelectSlaveMode), (18 bytes).
    Removing stm32f10x_tim.o(i.TIM_SetAutoreload), (4 bytes).
    Removing stm32f10x_tim.o(i.TIM_SetClockDivision), (18 bytes).
    Removing stm32f10x_tim.o(i.TIM_SetCompare1), (4 bytes).
    Removing stm32f10x_tim.o(i.TIM_SetCompare2), (4 bytes).
    Removing stm32f10x_tim.o(i.TIM_SetCompare3), (4 bytes).
    Removing stm32f10x_tim.o(i.TIM_SetCompare4), (6 bytes).
    Removing stm32f10x_tim.o(i.TIM_SetCounter), (4 bytes).
    Removing stm32f10x_tim.o(i.TIM_SetIC1Prescaler), (18 bytes).
    Removing stm32f10x_tim.o(i.TIM_SetIC2Prescaler), (26 bytes).
    Removing stm32f10x_tim.o(i.TIM_SetIC3Prescaler), (18 bytes).
    Removing stm32f10x_tim.o(i.TIM_SetIC4Prescaler), (26 bytes).
    Removing stm32f10x_tim.o(i.TIM_TIxExternalClockConfig), (62 bytes).
    Removing stm32f10x_tim.o(i.TIM_TimeBaseInit), (164 bytes).
    Removing stm32f10x_tim.o(i.TIM_TimeBaseStructInit), (18 bytes).
    Removing stm32f10x_tim.o(i.TIM_UpdateDisableConfig), (24 bytes).
    Removing stm32f10x_tim.o(i.TIM_UpdateRequestConfig), (24 bytes).
    Removing stm32f10x_usart.o(i.USART_ClearFlag), (18 bytes).
    Removing stm32f10x_usart.o(i.USART_ClockInit), (34 bytes).
    Removing stm32f10x_usart.o(i.USART_ClockStructInit), (12 bytes).
    Removing stm32f10x_usart.o(i.USART_DMACmd), (18 bytes).
    Removing stm32f10x_usart.o(i.USART_DeInit), (156 bytes).
    Removing stm32f10x_usart.o(i.USART_HalfDuplexCmd), (24 bytes).
    Removing stm32f10x_usart.o(i.USART_IrDACmd), (24 bytes).
    Removing stm32f10x_usart.o(i.USART_IrDAConfig), (18 bytes).
    Removing stm32f10x_usart.o(i.USART_LINBreakDetectLengthConfig), (18 bytes).
    Removing stm32f10x_usart.o(i.USART_LINCmd), (24 bytes).
    Removing stm32f10x_usart.o(i.USART_OneBitMethodCmd), (24 bytes).
    Removing stm32f10x_usart.o(i.USART_OverSampling8Cmd), (22 bytes).
    Removing stm32f10x_usart.o(i.USART_ReceiverWakeUpCmd), (24 bytes).
    Removing stm32f10x_usart.o(i.USART_SendBreak), (10 bytes).
    Removing stm32f10x_usart.o(i.USART_SetAddress), (18 bytes).
    Removing stm32f10x_usart.o(i.USART_SetGuardTime), (16 bytes).
    Removing stm32f10x_usart.o(i.USART_SetPrescaler), (16 bytes).
    Removing stm32f10x_usart.o(i.USART_SmartCardCmd), (24 bytes).
    Removing stm32f10x_usart.o(i.USART_SmartCardNACKCmd), (24 bytes).
    Removing stm32f10x_usart.o(i.USART_StructInit), (24 bytes).
    Removing stm32f10x_usart.o(i.USART_WakeUpConfig), (18 bytes).
    Removing stm32f10x_wwdg.o(i.WWDG_ClearFlag), (12 bytes).
    Removing stm32f10x_wwdg.o(i.WWDG_DeInit), (22 bytes).
    Removing stm32f10x_wwdg.o(i.WWDG_Enable), (16 bytes).
    Removing stm32f10x_wwdg.o(i.WWDG_EnableIT), (12 bytes).
    Removing stm32f10x_wwdg.o(i.WWDG_GetFlagStatus), (12 bytes).
    Removing stm32f10x_wwdg.o(i.WWDG_SetCounter), (16 bytes).
    Removing stm32f10x_wwdg.o(i.WWDG_SetPrescaler), (24 bytes).
    Removing stm32f10x_wwdg.o(i.WWDG_SetWindowValue), (40 bytes).
    Removing main.o(i.CopeCmdData), (128 bytes).
    Removing main.o(.bss), (50 bytes).
    Removing stm32f10x_it.o(.data), (28 bytes).
    Removing bsp_delay.o(i.Delay_ms), (12 bytes).
    Removing bsp_delay.o(i.Delay_us), (12 bytes).
    Removing bsp_delay.o(i.delay_us), (76 bytes).
    Removing bsp_systick.o(i.SysTick_Config), (84 bytes).
    Removing bsp_systick.o(i.SysTick_Init), (48 bytes).
    Removing bsp_systick.o(i.sys_Delay_ms), (72 bytes).
    Removing bsp_systick.o(i.sys_Delay_us), (72 bytes).
    Removing bsp_exti.o(i.EXTI_Key_Config), (140 bytes).
    Removing bsp_exti.o(i.NVIC_Configuration), (50 bytes).
    Removing bsp_key.o(i.Key_GPIO_Config), (132 bytes).
    Removing bsp_key.o(i.NVIC_Configuration), (62 bytes).
    Removing bsp_usart.o(i.NVIC_UART4_Configuration), (34 bytes).
    Removing bsp_usart.o(i.NVIC_USART2_Configuration), (34 bytes).
    Removing bsp_usart.o(i.NVIC_USART3_Configuration), (34 bytes).
    Removing bsp_usart.o(i.UART4_Config), (144 bytes).
    Removing bsp_usart.o(i.UART4_IRQHandler), (44 bytes).
    Removing bsp_usart.o(i.UART5_IRQHandler), (36 bytes).
    Removing bsp_usart.o(i.USART2_Config), (144 bytes).
    Removing bsp_usart.o(i.USART3_Config), (144 bytes).
    Removing bsp_usart.o(i.Uart4Send), (60 bytes).
    Removing bsp_usart.o(i.Usart4Init), (68 bytes).
    Removing bsp_usart.o(i.Usart_SendArray), (48 bytes).
    Removing bsp_usart.o(i.Usart_SendByte), (30 bytes).
    Removing bsp_usart.o(i.Usart_SendHalfWord), (60 bytes).
    Removing bsp_usart.o(i.Usart_SendString), (42 bytes).
    Removing bsp_usart.o(i.fgetc), (32 bytes).
    Removing mpu6050.o(i.MPU6050_Init), (114 bytes).
    Removing mpu6050.o(i.MPU_Get_Accelerometer), (80 bytes).
    Removing mpu6050.o(i.MPU_Get_Gyroscope), (80 bytes).
    Removing mpu6050.o(i.MPU_Get_Temperature), (104 bytes).
    Removing mpu6050.o(i.MPU_Set_Accel_Fsr), (18 bytes).
    Removing mpu6050.o(i.MPU_Set_Gyro_Fsr), (18 bytes).
    Removing mpu6050.o(i.MPU_Set_LPF), (60 bytes).
    Removing mpu6050.o(i.MPU_Set_Rate), (56 bytes).
    Removing mpu6050.o(i.mpu6050_read), (92 bytes).
    Removing mpu6050.o(i.mpu6050_read_reg), (22 bytes).
    Removing mpu6050.o(i.mpu6050_write), (68 bytes).
    Removing mpu6050.o(i.mpu6050_write_reg), (18 bytes).
    Removing sys.o(.emb_text), (6 bytes).
    Removing sys.o(i.INTX_DISABLE), (4 bytes).
    Removing sys.o(i.INTX_ENABLE), (4 bytes).
    Removing sys.o(i.My_GPIO_Init), (176 bytes).
    Removing sys.o(i.WFI_SET), (4 bytes).
    Removing sys.o(i.log_2), (30 bytes).
    Removing sys.o(i.power), (20 bytes).
    Removing inv_mpu.o(i.MPU6050_DMP_Get_Data), (548 bytes).
    Removing inv_mpu.o(i.MPU6050_DMP_Init), (80 bytes).
    Removing inv_mpu.o(i.accel_self_test), (168 bytes).
    Removing inv_mpu.o(i.get_accel_prod_shift), (180 bytes).
    Removing inv_mpu.o(i.get_ms), (2 bytes).
    Removing inv_mpu.o(i.get_st_biases), (1136 bytes).
    Removing inv_mpu.o(i.gyro_self_test), (272 bytes).
    Removing inv_mpu.o(i.inv_orientation_matrix_to_scalar), (40 bytes).
    Removing inv_mpu.o(i.inv_row_2_scale), (78 bytes).
    Removing inv_mpu.o(i.mpu_configure_fifo), (112 bytes).
    Removing inv_mpu.o(i.mpu_get_accel_fsr), (76 bytes).
    Removing inv_mpu.o(i.mpu_get_accel_reg), (116 bytes).
    Removing inv_mpu.o(i.mpu_get_accel_sens), (84 bytes).
    Removing inv_mpu.o(i.mpu_get_compass_fsr), (8 bytes).
    Removing inv_mpu.o(i.mpu_get_compass_reg), (8 bytes).
    Removing inv_mpu.o(i.mpu_get_compass_sample_rate), (10 bytes).
    Removing inv_mpu.o(i.mpu_get_dmp_state), (20 bytes).
    Removing inv_mpu.o(i.mpu_get_fifo_config), (16 bytes).
    Removing inv_mpu.o(i.mpu_get_gyro_fsr), (68 bytes).
    Removing inv_mpu.o(i.mpu_get_gyro_reg), (108 bytes).
    Removing inv_mpu.o(i.mpu_get_gyro_sens), (80 bytes).
    Removing inv_mpu.o(i.mpu_get_int_status), (68 bytes).
    Removing inv_mpu.o(i.mpu_get_lpf), (80 bytes).
    Removing inv_mpu.o(i.mpu_get_power_state), (28 bytes).
    Removing inv_mpu.o(i.mpu_get_sample_rate), (32 bytes).
    Removing inv_mpu.o(i.mpu_get_temperature), (160 bytes).
    Removing inv_mpu.o(i.mpu_init), (400 bytes).
    Removing inv_mpu.o(i.mpu_load_firmware), (184 bytes).
    Removing inv_mpu.o(i.mpu_lp_accel_mode), (224 bytes).
    Removing inv_mpu.o(i.mpu_lp_motion_interrupt), (516 bytes).
    Removing inv_mpu.o(i.mpu_read_fifo), (504 bytes).
    Removing inv_mpu.o(i.mpu_read_fifo_stream), (192 bytes).
    Removing inv_mpu.o(i.mpu_read_mem), (128 bytes).
    Removing inv_mpu.o(i.mpu_read_reg), (72 bytes).
    Removing inv_mpu.o(i.mpu_reg_dump), (76 bytes).
    Removing inv_mpu.o(i.mpu_reset_fifo), (456 bytes).
    Removing inv_mpu.o(i.mpu_run_self_test), (284 bytes).
    Removing inv_mpu.o(i.mpu_set_accel_bias), (384 bytes).
    Removing inv_mpu.o(i.mpu_set_accel_fsr), (132 bytes).
    Removing inv_mpu.o(i.mpu_set_bypass), (332 bytes).
    Removing inv_mpu.o(i.mpu_set_compass_sample_rate), (8 bytes).
    Removing inv_mpu.o(i.mpu_set_dmp_state), (144 bytes).
    Removing inv_mpu.o(i.mpu_set_gyro_fsr), (136 bytes).
    Removing inv_mpu.o(i.mpu_set_int_latched), (108 bytes).
    Removing inv_mpu.o(i.mpu_set_int_level), (16 bytes).
    Removing inv_mpu.o(i.mpu_set_lpf), (132 bytes).
    Removing inv_mpu.o(i.mpu_set_sample_rate), (156 bytes).
    Removing inv_mpu.o(i.mpu_set_sensors), (208 bytes).
    Removing inv_mpu.o(i.mpu_write_mem), (128 bytes).
    Removing inv_mpu.o(i.run_self_test), (148 bytes).
    Removing inv_mpu.o(i.set_int_enable), (144 bytes).
    Removing inv_mpu.o(.constdata), (80 bytes).
    Removing inv_mpu.o(.data), (53 bytes).
    Removing inv_mpu_dmp_motion_driver.o(i.decode_gesture), (100 bytes).
    Removing inv_mpu_dmp_motion_driver.o(i.dmp_enable_6x_lp_quat), (60 bytes).
    Removing inv_mpu_dmp_motion_driver.o(i.dmp_enable_feature), (540 bytes).
    Removing inv_mpu_dmp_motion_driver.o(i.dmp_enable_gyro_cal), (88 bytes).
    Removing inv_mpu_dmp_motion_driver.o(i.dmp_enable_lp_quat), (60 bytes).
    Removing inv_mpu_dmp_motion_driver.o(i.dmp_get_enabled_features), (16 bytes).
    Removing inv_mpu_dmp_motion_driver.o(i.dmp_get_fifo_rate), (16 bytes).
    Removing inv_mpu_dmp_motion_driver.o(i.dmp_get_pedometer_step_count), (66 bytes).
    Removing inv_mpu_dmp_motion_driver.o(i.dmp_get_pedometer_walk_time), (72 bytes).
    Removing inv_mpu_dmp_motion_driver.o(i.dmp_load_motion_driver_firmware), (24 bytes).
    Removing inv_mpu_dmp_motion_driver.o(i.dmp_read_fifo), (456 bytes).
    Removing inv_mpu_dmp_motion_driver.o(i.dmp_register_android_orient_cb), (16 bytes).
    Removing inv_mpu_dmp_motion_driver.o(i.dmp_register_tap_cb), (16 bytes).
    Removing inv_mpu_dmp_motion_driver.o(i.dmp_set_accel_bias), (304 bytes).
    Removing inv_mpu_dmp_motion_driver.o(i.dmp_set_fifo_rate), (112 bytes).
    Removing inv_mpu_dmp_motion_driver.o(i.dmp_set_gyro_bias), (304 bytes).
    Removing inv_mpu_dmp_motion_driver.o(i.dmp_set_interrupt_mode), (92 bytes).
    Removing inv_mpu_dmp_motion_driver.o(i.dmp_set_orientation), (312 bytes).
    Removing inv_mpu_dmp_motion_driver.o(i.dmp_set_pedometer_step_count), (42 bytes).
    Removing inv_mpu_dmp_motion_driver.o(i.dmp_set_pedometer_walk_time), (48 bytes).
    Removing inv_mpu_dmp_motion_driver.o(i.dmp_set_shake_reject_thresh), (56 bytes).
    Removing inv_mpu_dmp_motion_driver.o(i.dmp_set_shake_reject_time), (38 bytes).
    Removing inv_mpu_dmp_motion_driver.o(i.dmp_set_shake_reject_timeout), (38 bytes).
    Removing inv_mpu_dmp_motion_driver.o(i.dmp_set_tap_axes), (70 bytes).
    Removing inv_mpu_dmp_motion_driver.o(i.dmp_set_tap_count), (38 bytes).
    Removing inv_mpu_dmp_motion_driver.o(i.dmp_set_tap_thresh), (416 bytes).
    Removing inv_mpu_dmp_motion_driver.o(i.dmp_set_tap_time), (38 bytes).
    Removing inv_mpu_dmp_motion_driver.o(i.dmp_set_tap_time_multi), (38 bytes).
    Removing inv_mpu_dmp_motion_driver.o(.bss), (16 bytes).
    Removing inv_mpu_dmp_motion_driver.o(.constdata), (3062 bytes).
    Removing mpu6050_i2c.o(i.MPU6050_IIC_IO_Init), (44 bytes).
    Removing mpu6050_i2c.o(i.MPU6050_IIC_Read_Ack), (80 bytes).
    Removing mpu6050_i2c.o(i.MPU6050_IIC_Read_Byte), (96 bytes).
    Removing mpu6050_i2c.o(i.MPU6050_IIC_SDA_IO_IN), (24 bytes).
    Removing mpu6050_i2c.o(i.MPU6050_IIC_SDA_IO_OUT), (24 bytes).
    Removing mpu6050_i2c.o(i.MPU6050_IIC_Send_Ack), (56 bytes).
    Removing mpu6050_i2c.o(i.MPU6050_IIC_Send_Byte), (100 bytes).
    Removing mpu6050_i2c.o(i.MPU6050_IIC_Start), (56 bytes).
    Removing mpu6050_i2c.o(i.MPU6050_IIC_Stop), (60 bytes).
    Removing myi2c.o(i.MyI2C_Init), (56 bytes).
    Removing myi2c.o(i.MyI2C_R_SDA), (28 bytes).
    Removing myi2c.o(i.MyI2C_ReceiveAck), (30 bytes).
    Removing myi2c.o(i.MyI2C_ReceiveByte), (52 bytes).
    Removing myi2c.o(i.MyI2C_SendAck), (24 bytes).
    Removing myi2c.o(i.MyI2C_SendByte), (42 bytes).
    Removing myi2c.o(i.MyI2C_Start), (28 bytes).
    Removing myi2c.o(i.MyI2C_Stop), (22 bytes).
    Removing myi2c.o(i.MyI2C_W_SCL), (28 bytes).
    Removing myi2c.o(i.MyI2C_W_SDA), (28 bytes).
    Removing wit_c_sdk.o(i.WitCanDataIn), (116 bytes).
    Removing wit_c_sdk.o(i.WitCanWriteRegister), (24 bytes).
    Removing wit_c_sdk.o(i.WitDeInit), (72 bytes).
    Removing wit_c_sdk.o(i.WitI2cFuncRegister), (40 bytes).
    Removing wit_c_sdk.o(i.WitSetCanBaud), (100 bytes).
    Removing wit_c_sdk.o(i.WitStopAccCali), (80 bytes).
    Removing emm_v5.o(i.Emm_V5_Modify_Ctrl_Mode), (58 bytes).
    Removing emm_v5.o(i.Emm_V5_Origin_Interrupt), (46 bytes).
    Removing emm_v5.o(i.Emm_V5_Origin_Modify_Params), (170 bytes).
    Removing emm_v5.o(i.Emm_V5_Origin_Set_O), (52 bytes).
    Removing emm_v5.o(i.Emm_V5_Origin_Trigger_Return), (52 bytes).
    Removing emm_v5.o(i.Emm_V5_Pos_Control), (108 bytes).
    Removing emm_v5.o(i.Emm_V5_Read_Sys_Params), (262 bytes).
    Removing emm_v5.o(i.Emm_V5_Reset_Clog_Pro), (46 bytes).
    Removing emm_v5.o(i.Emm_V5_Reset_CurPos_To_Zero), (46 bytes).
    Removing emm_v5.o(i.Emm_V5_Stop_Now), (52 bytes).
    Removing emm_v5.o(i.Emm_V5_Synchronous_motion), (46 bytes).
    Removing emm_v5.o(i.Emm_V5_Vel_Control), (78 bytes).
    Removing fifo.o(i.fifo_isEmpty), (28 bytes).
    Removing fifo.o(i.initQueue), (20 bytes).
    Removing fadd.o(.text), (176 bytes).
    Removing ffltui.o(.text), (10 bytes).
    Removing dflti.o(.text), (34 bytes).
    Removing ffixi.o(.text), (50 bytes).
    Removing ffixui.o(.text), (40 bytes).
    Removing d2f.o(.text), (56 bytes).
    Removing cfcmple.o(.text), (20 bytes).
    Removing cfrcmple.o(.text), (20 bytes).
    Removing dscalb.o(.text), (46 bytes).
    Removing dsqrt.o(.text), (162 bytes).
    Removing cdcmple.o(.text), (48 bytes).

638 unused section(s) (total 39913 bytes) removed from the image.

==============================================================================

Image Symbol Table

    Local Symbols

    Symbol Name                              Value     Ov Type        Size  Object(Section)

    ../clib/microlib/division.c              0x00000000   Number         0  uldiv.o ABSOLUTE
    ../clib/microlib/division.c              0x00000000   Number         0  uidiv.o ABSOLUTE
    ../clib/microlib/division.c              0x00000000   Number         0  ldiv.o ABSOLUTE
    ../clib/microlib/errno.c                 0x00000000   Number         0  errno.o ABSOLUTE
    ../clib/microlib/init/entry.s            0x00000000   Number         0  entry8a.o ABSOLUTE
    ../clib/microlib/init/entry.s            0x00000000   Number         0  entry5.o ABSOLUTE
    ../clib/microlib/init/entry.s            0x00000000   Number         0  entry7a.o ABSOLUTE
    ../clib/microlib/init/entry.s            0x00000000   Number         0  entry7b.o ABSOLUTE
    ../clib/microlib/init/entry.s            0x00000000   Number         0  entry.o ABSOLUTE
    ../clib/microlib/init/entry.s            0x00000000   Number         0  entry8b.o ABSOLUTE
    ../clib/microlib/init/entry.s            0x00000000   Number         0  entry9a.o ABSOLUTE
    ../clib/microlib/init/entry.s            0x00000000   Number         0  entry9b.o ABSOLUTE
    ../clib/microlib/init/entry.s            0x00000000   Number         0  entry2.o ABSOLUTE
    ../clib/microlib/init/entry.s            0x00000000   Number         0  entry10a.o ABSOLUTE
    ../clib/microlib/init/entry.s            0x00000000   Number         0  entry11a.o ABSOLUTE
    ../clib/microlib/init/entry.s            0x00000000   Number         0  entry11b.o ABSOLUTE
    ../clib/microlib/init/entry.s            0x00000000   Number         0  entry10b.o ABSOLUTE
    ../clib/microlib/longlong.c              0x00000000   Number         0  llushr.o ABSOLUTE
    ../clib/microlib/longlong.c              0x00000000   Number         0  llsshr.o ABSOLUTE
    ../clib/microlib/longlong.c              0x00000000   Number         0  llshl.o ABSOLUTE
    ../clib/microlib/printf/printf.c         0x00000000   Number         0  printf7.o ABSOLUTE
    ../clib/microlib/printf/printf.c         0x00000000   Number         0  printf8.o ABSOLUTE
    ../clib/microlib/printf/printf.c         0x00000000   Number         0  printfa.o ABSOLUTE
    ../clib/microlib/printf/printf.c         0x00000000   Number         0  printf0.o ABSOLUTE
    ../clib/microlib/printf/printf.c         0x00000000   Number         0  printf3.o ABSOLUTE
    ../clib/microlib/printf/printf.c         0x00000000   Number         0  printf5.o ABSOLUTE
    ../clib/microlib/printf/printf.c         0x00000000   Number         0  printf6.o ABSOLUTE
    ../clib/microlib/printf/printf.c         0x00000000   Number         0  printf2.o ABSOLUTE
    ../clib/microlib/printf/printf.c         0x00000000   Number         0  printf1.o ABSOLUTE
    ../clib/microlib/printf/printf.c         0x00000000   Number         0  printfb.o ABSOLUTE
    ../clib/microlib/printf/printf.c         0x00000000   Number         0  printf4.o ABSOLUTE
    ../clib/microlib/printf/stubs.s          0x00000000   Number         0  stubs.o ABSOLUTE
    ../clib/microlib/stdio/streams.c         0x00000000   Number         0  stdout.o ABSOLUTE
    ../clib/microlib/string/memcmp.c         0x00000000   Number         0  memcmp.o ABSOLUTE
    ../clib/microlib/string/memcpy.c         0x00000000   Number         0  memcpya.o ABSOLUTE
    ../clib/microlib/string/memcpy.c         0x00000000   Number         0  memcpyb.o ABSOLUTE
    ../clib/microlib/string/memset.c         0x00000000   Number         0  memseta.o ABSOLUTE
    ../clib/microlib/stubs.s                 0x00000000   Number         0  iusefp.o ABSOLUTE
    ../fplib/microlib/d2f.c                  0x00000000   Number         0  d2f.o ABSOLUTE
    ../fplib/microlib/f2d.c                  0x00000000   Number         0  f2d.o ABSOLUTE
    ../fplib/microlib/fpadd.c                0x00000000   Number         0  dadd.o ABSOLUTE
    ../fplib/microlib/fpadd.c                0x00000000   Number         0  fadd.o ABSOLUTE
    ../fplib/microlib/fpdiv.c                0x00000000   Number         0  ddiv.o ABSOLUTE
    ../fplib/microlib/fpdiv.c                0x00000000   Number         0  fdiv.o ABSOLUTE
    ../fplib/microlib/fpepilogue.c           0x00000000   Number         0  fepilogue.o ABSOLUTE
    ../fplib/microlib/fpepilogue.c           0x00000000   Number         0  depilogue.o ABSOLUTE
    ../fplib/microlib/fpfix.c                0x00000000   Number         0  ffixui.o ABSOLUTE
    ../fplib/microlib/fpfix.c                0x00000000   Number         0  ffixi.o ABSOLUTE
    ../fplib/microlib/fpfix.c                0x00000000   Number         0  dfixul.o ABSOLUTE
    ../fplib/microlib/fpflt.c                0x00000000   Number         0  fflti.o ABSOLUTE
    ../fplib/microlib/fpflt.c                0x00000000   Number         0  dflti.o ABSOLUTE
    ../fplib/microlib/fpflt.c                0x00000000   Number         0  ffltui.o ABSOLUTE
    ../fplib/microlib/fpmul.c                0x00000000   Number         0  fmul.o ABSOLUTE
    ../fplib/microlib/fpmul.c                0x00000000   Number         0  dmul.o ABSOLUTE
    ../fplib/microlib/fpscalb.c              0x00000000   Number         0  dscalb.o ABSOLUTE
    ../fplib/microlib/fpsqrt.c               0x00000000   Number         0  dsqrt.o ABSOLUTE
    ../mathlib/asin.c                        0x00000000   Number         0  asin.o ABSOLUTE
    ../mathlib/asin.c                        0x00000000   Number         0  asin_x.o ABSOLUTE
    ../mathlib/atan.c                        0x00000000   Number         0  atan.o ABSOLUTE
    ../mathlib/atan.c                        0x00000000   Number         0  atan_x.o ABSOLUTE
    ../mathlib/atan2.c                       0x00000000   Number         0  atan2_x.o ABSOLUTE
    ../mathlib/atan2.c                       0x00000000   Number         0  atan2.o ABSOLUTE
    ../mathlib/dunder.c                      0x00000000   Number         0  dunder.o ABSOLUTE
    ../mathlib/fpclassify.c                  0x00000000   Number         0  fpclassify.o ABSOLUTE
    ../mathlib/poly.c                        0x00000000   Number         0  poly.o ABSOLUTE
    ../mathlib/qnan.c                        0x00000000   Number         0  qnan.o ABSOLUTE
    ../mathlib/sqrt.c                        0x00000000   Number         0  sqrt.o ABSOLUTE
    ../mathlib/sqrt.c                        0x00000000   Number         0  sqrt_x.o ABSOLUTE
    Library\misc.c                           0x00000000   Number         0  misc.o ABSOLUTE
    Library\stm32f10x_adc.c                  0x00000000   Number         0  stm32f10x_adc.o ABSOLUTE
    Library\stm32f10x_bkp.c                  0x00000000   Number         0  stm32f10x_bkp.o ABSOLUTE
    Library\stm32f10x_can.c                  0x00000000   Number         0  stm32f10x_can.o ABSOLUTE
    Library\stm32f10x_cec.c                  0x00000000   Number         0  stm32f10x_cec.o ABSOLUTE
    Library\stm32f10x_crc.c                  0x00000000   Number         0  stm32f10x_crc.o ABSOLUTE
    Library\stm32f10x_dac.c                  0x00000000   Number         0  stm32f10x_dac.o ABSOLUTE
    Library\stm32f10x_dbgmcu.c               0x00000000   Number         0  stm32f10x_dbgmcu.o ABSOLUTE
    Library\stm32f10x_dma.c                  0x00000000   Number         0  stm32f10x_dma.o ABSOLUTE
    Library\stm32f10x_exti.c                 0x00000000   Number         0  stm32f10x_exti.o ABSOLUTE
    Library\stm32f10x_flash.c                0x00000000   Number         0  stm32f10x_flash.o ABSOLUTE
    Library\stm32f10x_fsmc.c                 0x00000000   Number         0  stm32f10x_fsmc.o ABSOLUTE
    Library\stm32f10x_gpio.c                 0x00000000   Number         0  stm32f10x_gpio.o ABSOLUTE
    Library\stm32f10x_i2c.c                  0x00000000   Number         0  stm32f10x_i2c.o ABSOLUTE
    Library\stm32f10x_iwdg.c                 0x00000000   Number         0  stm32f10x_iwdg.o ABSOLUTE
    Library\stm32f10x_pwr.c                  0x00000000   Number         0  stm32f10x_pwr.o ABSOLUTE
    Library\stm32f10x_rcc.c                  0x00000000   Number         0  stm32f10x_rcc.o ABSOLUTE
    Library\stm32f10x_rtc.c                  0x00000000   Number         0  stm32f10x_rtc.o ABSOLUTE
    Library\stm32f10x_sdio.c                 0x00000000   Number         0  stm32f10x_sdio.o ABSOLUTE
    Library\stm32f10x_spi.c                  0x00000000   Number         0  stm32f10x_spi.o ABSOLUTE
    Library\stm32f10x_tim.c                  0x00000000   Number         0  stm32f10x_tim.o ABSOLUTE
    Library\stm32f10x_usart.c                0x00000000   Number         0  stm32f10x_usart.o ABSOLUTE
    Library\stm32f10x_wwdg.c                 0x00000000   Number         0  stm32f10x_wwdg.o ABSOLUTE
    Start\\core_cm3.c                        0x00000000   Number         0  core_cm3.o ABSOLUTE
    Start\core_cm3.c                         0x00000000   Number         0  core_cm3.o ABSOLUTE
    Start\startup_stm32f10x_md.s             0x00000000   Number         0  startup_stm32f10x_md.o ABSOLUTE
    Start\system_stm32f10x.c                 0x00000000   Number         0  system_stm32f10x.o ABSOLUTE
    System\\sys.c                            0x00000000   Number         0  sys.o ABSOLUTE
    System\sys.c                             0x00000000   Number         0  sys.o ABSOLUTE
    User\Key\bsp_exti.c                      0x00000000   Number         0  bsp_exti.o ABSOLUTE
    User\Key\bsp_key.c                       0x00000000   Number         0  bsp_key.o ABSOLUTE
    User\Led\bsp_led.c                       0x00000000   Number         0  bsp_led.o ABSOLUTE
    User\delay\bsp_SysTick.c                 0x00000000   Number         0  bsp_systick.o ABSOLUTE
    User\delay\bsp_delay.c                   0x00000000   Number         0  bsp_delay.o ABSOLUTE
    User\i2c\MyI2C.c                         0x00000000   Number         0  myi2c.o ABSOLUTE
    User\jy901s\wit_c_sdk.c                  0x00000000   Number         0  wit_c_sdk.o ABSOLUTE
    User\main.c                              0x00000000   Number         0  main.o ABSOLUTE
    User\motor\Emm_V5.c                      0x00000000   Number         0  emm_v5.o ABSOLUTE
    User\motor\fifo.c                        0x00000000   Number         0  fifo.o ABSOLUTE
    User\mpu6050\MPU6050_I2C.c               0x00000000   Number         0  mpu6050_i2c.o ABSOLUTE
    User\mpu6050\inv_mpu.c                   0x00000000   Number         0  inv_mpu.o ABSOLUTE
    User\mpu6050\inv_mpu_dmp_motion_driver.c 0x00000000   Number         0  inv_mpu_dmp_motion_driver.o ABSOLUTE
    User\mpu6050\mpu6050.c                   0x00000000   Number         0  mpu6050.o ABSOLUTE
    User\stm32f10x_it.c                      0x00000000   Number         0  stm32f10x_it.o ABSOLUTE
    User\usart\bsp_usart.c                   0x00000000   Number         0  bsp_usart.o ABSOLUTE
    cdcmple.s                                0x00000000   Number         0  cdcmple.o ABSOLUTE
    cdrcmple.s                               0x00000000   Number         0  cdrcmple.o ABSOLUTE
    cfcmple.s                                0x00000000   Number         0  cfcmple.o ABSOLUTE
    cfrcmple.s                               0x00000000   Number         0  cfrcmple.o ABSOLUTE
    dc.s                                     0x00000000   Number         0  dc.o ABSOLUTE
    handlers.s                               0x00000000   Number         0  handlers.o ABSOLUTE
    init.s                                   0x00000000   Number         0  init.o ABSOLUTE
    RESET                                    0x08000000   Section      236  startup_stm32f10x_md.o(RESET)
    .ARM.Collect$$$$00000000                 0x080000ec   Section        0  entry.o(.ARM.Collect$$$$00000000)
    .ARM.Collect$$$$00000001                 0x080000ec   Section        4  entry2.o(.ARM.Collect$$$$00000001)
    .ARM.Collect$$$$00000004                 0x080000f0   Section        4  entry5.o(.ARM.Collect$$$$00000004)
    .ARM.Collect$$$$00000008                 0x080000f4   Section        0  entry7b.o(.ARM.Collect$$$$00000008)
    .ARM.Collect$$$$0000000A                 0x080000f4   Section        0  entry8b.o(.ARM.Collect$$$$0000000A)
    .ARM.Collect$$$$0000000B                 0x080000f4   Section        8  entry9a.o(.ARM.Collect$$$$0000000B)
    .ARM.Collect$$$$0000000D                 0x080000fc   Section        0  entry10a.o(.ARM.Collect$$$$0000000D)
    .ARM.Collect$$$$0000000F                 0x080000fc   Section        0  entry11a.o(.ARM.Collect$$$$0000000F)
    .ARM.Collect$$$$00002712                 0x080000fc   Section        4  entry2.o(.ARM.Collect$$$$00002712)
    __lit__00000000                          0x080000fc   Data           4  entry2.o(.ARM.Collect$$$$00002712)
    .text                                    0x08000100   Section       36  startup_stm32f10x_md.o(.text)
    .text                                    0x08000124   Section        0  memcpya.o(.text)
    .text                                    0x08000148   Section        0  fmul.o(.text)
    .text                                    0x080001ac   Section        0  fdiv.o(.text)
    .text                                    0x08000228   Section        0  dadd.o(.text)
    .text                                    0x08000376   Section        0  dmul.o(.text)
    .text                                    0x0800045a   Section        0  ddiv.o(.text)
    .text                                    0x08000538   Section        0  fflti.o(.text)
    .text                                    0x0800054a   Section        0  f2d.o(.text)
    .text                                    0x08000570   Section        0  uidiv.o(.text)
    .text                                    0x0800059c   Section        0  uldiv.o(.text)
    .text                                    0x080005fe   Section        0  llshl.o(.text)
    .text                                    0x0800061c   Section        0  llsshr.o(.text)
    .text                                    0x08000640   Section        0  fepilogue.o(.text)
    .text                                    0x08000640   Section        0  iusefp.o(.text)
    .text                                    0x080006ae   Section        0  depilogue.o(.text)
    .text                                    0x08000768   Section        0  dfixul.o(.text)
    .text                                    0x08000798   Section       48  cdrcmple.o(.text)
    .text                                    0x080007c8   Section       36  init.o(.text)
    .text                                    0x080007ec   Section        0  llushr.o(.text)
    i.AutoScanSensor                         0x0800080c   Section        0  main.o(i.AutoScanSensor)
    AutoScanSensor                           0x0800080d   Thumb Code    90  main.o(i.AutoScanSensor)
    i.BusFault_Handler                       0x080008c0   Section        0  stm32f10x_it.o(i.BusFault_Handler)
    i.CheckRange                             0x080008c4   Section        0  wit_c_sdk.o(i.CheckRange)
    i.CmdProcess                             0x080008d8   Section        0  main.o(i.CmdProcess)
    CmdProcess                               0x080008d9   Thumb Code   276  main.o(i.CmdProcess)
    i.CopeWitData                            0x08000a78   Section        0  wit_c_sdk.o(i.CopeWitData)
    CopeWitData                              0x08000a79   Thumb Code   226  wit_c_sdk.o(i.CopeWitData)
    i.DebugMon_Handler                       0x08000b68   Section        0  stm32f10x_it.o(i.DebugMon_Handler)
    i.Delayms                                0x08000b6a   Section        0  main.o(i.Delayms)
    Delayms                                  0x08000b6b   Thumb Code    12  main.o(i.Delayms)
    i.EXTI0_IRQHandler                       0x08000b78   Section        0  bsp_key.o(i.EXTI0_IRQHandler)
    i.EXTI1_IRQHandler                       0x08000b94   Section        0  bsp_key.o(i.EXTI1_IRQHandler)
    i.EXTI_ClearITPendingBit                 0x08000bb0   Section        0  stm32f10x_exti.o(i.EXTI_ClearITPendingBit)
    i.EXTI_GetITStatus                       0x08000bbc   Section        0  stm32f10x_exti.o(i.EXTI_GetITStatus)
    i.Emm_V5_En_Control                      0x08000be4   Section        0  emm_v5.o(i.Emm_V5_En_Control)
    i.GPIO_Init                              0x08000c1e   Section        0  stm32f10x_gpio.o(i.GPIO_Init)
    i.GPIO_PinRemapConfig                    0x08000d34   Section        0  stm32f10x_gpio.o(i.GPIO_PinRemapConfig)
    i.GPIO_SetBits                           0x08000dc4   Section        0  stm32f10x_gpio.o(i.GPIO_SetBits)
    i.HardFault_Handler                      0x08000dc8   Section        0  stm32f10x_it.o(i.HardFault_Handler)
    i.LED_GPIO_Config                        0x08000dcc   Section        0  bsp_led.o(i.LED_GPIO_Config)
    i.MemManage_Handler                      0x08000e50   Section        0  stm32f10x_it.o(i.MemManage_Handler)
    i.NMI_Handler                            0x08000e54   Section        0  stm32f10x_it.o(i.NMI_Handler)
    i.NVIC_Init                              0x08000e58   Section        0  misc.o(i.NVIC_Init)
    i.NVIC_UART5_Configuration               0x08000ec8   Section        0  bsp_usart.o(i.NVIC_UART5_Configuration)
    NVIC_UART5_Configuration                 0x08000ec9   Thumb Code    34  bsp_usart.o(i.NVIC_UART5_Configuration)
    i.NVIC_USART1_Configuration              0x08000eea   Section        0  bsp_usart.o(i.NVIC_USART1_Configuration)
    NVIC_USART1_Configuration                0x08000eeb   Thumb Code    30  bsp_usart.o(i.NVIC_USART1_Configuration)
    i.PendSV_Handler                         0x08000f08   Section        0  stm32f10x_it.o(i.PendSV_Handler)
    i.RCC_APB1PeriphClockCmd                 0x08000f0c   Section        0  stm32f10x_rcc.o(i.RCC_APB1PeriphClockCmd)
    i.RCC_APB2PeriphClockCmd                 0x08000f2c   Section        0  stm32f10x_rcc.o(i.RCC_APB2PeriphClockCmd)
    i.RCC_GetClocksFreq                      0x08000f4c   Section        0  stm32f10x_rcc.o(i.RCC_GetClocksFreq)
    i.SVC_Handler                            0x08001020   Section        0  stm32f10x_it.o(i.SVC_Handler)
    i.SensorDataUpdata                       0x08001024   Section        0  main.o(i.SensorDataUpdata)
    SensorDataUpdata                         0x08001025   Thumb Code   106  main.o(i.SensorDataUpdata)
    i.SensorUartSend                         0x08001094   Section        0  main.o(i.SensorUartSend)
    SensorUartSend                           0x08001095   Thumb Code    16  main.o(i.SensorUartSend)
    i.SetSysClock                            0x080010a4   Section        0  system_stm32f10x.o(i.SetSysClock)
    SetSysClock                              0x080010a5   Thumb Code     8  system_stm32f10x.o(i.SetSysClock)
    i.SetSysClockTo72                        0x080010ac   Section        0  system_stm32f10x.o(i.SetSysClockTo72)
    SetSysClockTo72                          0x080010ad   Thumb Code   214  system_stm32f10x.o(i.SetSysClockTo72)
    i.ShowHelp                               0x0800118c   Section        0  main.o(i.ShowHelp)
    ShowHelp                                 0x0800118d   Thumb Code    88  main.o(i.ShowHelp)
    i.SysTick_CLKSourceConfig                0x080013a4   Section        0  misc.o(i.SysTick_CLKSourceConfig)
    i.SysTick_Handler                        0x080013cc   Section        0  stm32f10x_it.o(i.SysTick_Handler)
    i.SystemInit                             0x080013d0   Section        0  system_stm32f10x.o(i.SystemInit)
    i.UART5_Config                           0x08001430   Section        0  bsp_usart.o(i.UART5_Config)
    i.USART1_Config                          0x080014c8   Section        0  bsp_usart.o(i.USART1_Config)
    i.USART1_IRQHandler                      0x08001558   Section        0  bsp_usart.o(i.USART1_IRQHandler)
    i.USART2_IRQHandler                      0x080015e0   Section        0  bsp_usart.o(i.USART2_IRQHandler)
    i.USART3_IRQHandler                      0x0800160c   Section        0  bsp_usart.o(i.USART3_IRQHandler)
    i.USART_ClearITPendingBit                0x08001630   Section        0  stm32f10x_usart.o(i.USART_ClearITPendingBit)
    i.USART_Cmd                              0x0800164e   Section        0  stm32f10x_usart.o(i.USART_Cmd)
    i.USART_GetFlagStatus                    0x08001666   Section        0  stm32f10x_usart.o(i.USART_GetFlagStatus)
    i.USART_GetITStatus                      0x08001680   Section        0  stm32f10x_usart.o(i.USART_GetITStatus)
    i.USART_ITConfig                         0x080016d4   Section        0  stm32f10x_usart.o(i.USART_ITConfig)
    i.USART_Init                             0x08001720   Section        0  stm32f10x_usart.o(i.USART_Init)
    i.USART_ReceiveData                      0x080017f8   Section        0  stm32f10x_usart.o(i.USART_ReceiveData)
    i.USART_SendData                         0x08001802   Section        0  stm32f10x_usart.o(i.USART_SendData)
    i.Uart2Send                              0x0800180c   Section        0  bsp_usart.o(i.Uart2Send)
    i.UsageFault_Handler                     0x08001848   Section        0  stm32f10x_it.o(i.UsageFault_Handler)
    i.Usart2Init                             0x0800184c   Section        0  bsp_usart.o(i.Usart2Init)
    i.WitDelayMsRegister                     0x08001914   Section        0  wit_c_sdk.o(i.WitDelayMsRegister)
    i.WitInit                                0x0800192c   Section        0  wit_c_sdk.o(i.WitInit)
    i.WitReadReg                             0x08001958   Section        0  wit_c_sdk.o(i.WitReadReg)
    i.WitRegisterCallBack                    0x08001b24   Section        0  wit_c_sdk.o(i.WitRegisterCallBack)
    i.WitSerialDataIn                        0x08001b3c   Section        0  wit_c_sdk.o(i.WitSerialDataIn)
    i.WitSerialWriteRegister                 0x08001d24   Section        0  wit_c_sdk.o(i.WitSerialWriteRegister)
    i.WitSetBandwidth                        0x08001d3c   Section        0  wit_c_sdk.o(i.WitSetBandwidth)
    i.WitSetContent                          0x08001da0   Section        0  wit_c_sdk.o(i.WitSetContent)
    i.WitSetOutputRate                       0x08001e08   Section        0  wit_c_sdk.o(i.WitSetOutputRate)
    i.WitSetUartBaud                         0x08001e6c   Section        0  wit_c_sdk.o(i.WitSetUartBaud)
    i.WitStartAccCali                        0x08001ed0   Section        0  wit_c_sdk.o(i.WitStartAccCali)
    i.WitStartMagCali                        0x08001f20   Section        0  wit_c_sdk.o(i.WitStartMagCali)
    i.WitStopMagCali                         0x08001f70   Section        0  wit_c_sdk.o(i.WitStopMagCali)
    i.WitWriteReg                            0x08001fc0   Section        0  wit_c_sdk.o(i.WitWriteReg)
    i.__0printf                              0x080020fc   Section        0  printfa.o(i.__0printf)
    i.__CRC16                                0x0800211c   Section        0  wit_c_sdk.o(i.__CRC16)
    __CRC16                                  0x0800211d   Thumb Code    48  wit_c_sdk.o(i.__CRC16)
    i.__CaliSum                              0x08002154   Section        0  wit_c_sdk.o(i.__CaliSum)
    __CaliSum                                0x08002155   Thumb Code    26  wit_c_sdk.o(i.__CaliSum)
    i.__scatterload_copy                     0x0800216e   Section       14  handlers.o(i.__scatterload_copy)
    i.__scatterload_null                     0x0800217c   Section        2  handlers.o(i.__scatterload_null)
    i.__scatterload_zeroinit                 0x0800217e   Section       14  handlers.o(i.__scatterload_zeroinit)
    i._fp_digits                             0x0800218c   Section        0  printfa.o(i._fp_digits)
    _fp_digits                               0x0800218d   Thumb Code   366  printfa.o(i._fp_digits)
    i._printf_core                           0x08002310   Section        0  printfa.o(i._printf_core)
    _printf_core                             0x08002311   Thumb Code  1744  printfa.o(i._printf_core)
    i._printf_post_padding                   0x080029ec   Section        0  printfa.o(i._printf_post_padding)
    _printf_post_padding                     0x080029ed   Thumb Code    36  printfa.o(i._printf_post_padding)
    i._printf_pre_padding                    0x08002a10   Section        0  printfa.o(i._printf_pre_padding)
    _printf_pre_padding                      0x08002a11   Thumb Code    46  printfa.o(i._printf_pre_padding)
    i.delay_init                             0x08002a40   Section        0  bsp_delay.o(i.delay_init)
    i.delay_ms                               0x08002a84   Section        0  bsp_delay.o(i.delay_ms)
    i.fifo_deQueue                           0x08002ad0   Section        0  fifo.o(i.fifo_deQueue)
    i.fifo_enQueue                           0x08002b00   Section        0  fifo.o(i.fifo_enQueue)
    i.fifo_queueLength                       0x08002b30   Section        0  fifo.o(i.fifo_queueLength)
    i.fputc                                  0x08002b6c   Section        0  bsp_usart.o(i.fputc)
    i.main                                   0x08002b90   Section        0  main.o(i.main)
    i.usart_SendByte                         0x08002cbc   Section        0  bsp_usart.o(i.usart_SendByte)
    i.usart_SendCmd                          0x08002cf8   Section        0  bsp_usart.o(i.usart_SendCmd)
    .constdata                               0x08002d24   Section       40  main.o(.constdata)
    .constdata                               0x08002d4c   Section      512  wit_c_sdk.o(.constdata)
    __auchCRCHi                              0x08002d4c   Data         256  wit_c_sdk.o(.constdata)
    __auchCRCLo                              0x08002e4c   Data         256  wit_c_sdk.o(.constdata)
    .conststring                             0x08002f4c   Section      514  main.o(.conststring)
    .data                                    0x20000000   Section       20  system_stm32f10x.o(.data)
    .data                                    0x20000014   Section       20  stm32f10x_rcc.o(.data)
    APBAHBPrescTable                         0x20000014   Data          16  stm32f10x_rcc.o(.data)
    ADCPrescTable                            0x20000024   Data           4  stm32f10x_rcc.o(.data)
    .data                                    0x20000028   Section        3  main.o(.data)
    s_cDataUpdate                            0x20000028   Data           1  main.o(.data)
    s_cCmd                                   0x20000029   Data           1  main.o(.data)
    s_ucRxCnt                                0x2000002a   Data           1  main.o(.data)
    .data                                    0x2000002c   Section        4  bsp_delay.o(.data)
    fac_us                                   0x2000002c   Data           1  bsp_delay.o(.data)
    fac_ms                                   0x2000002e   Data           2  bsp_delay.o(.data)
    .data                                    0x20000030   Section        2  bsp_key.o(.data)
    .data                                    0x20000032   Section        2  bsp_usart.o(.data)
    .data                                    0x20000034   Section       40  wit_c_sdk.o(.data)
    p_WitSerialWriteFunc                     0x20000034   Data           4  wit_c_sdk.o(.data)
    p_WitI2cWriteFunc                        0x20000038   Data           4  wit_c_sdk.o(.data)
    p_WitI2cReadFunc                         0x2000003c   Data           4  wit_c_sdk.o(.data)
    p_WitCanWriteFunc                        0x20000040   Data           4  wit_c_sdk.o(.data)
    p_WitRegUpdateCbFunc                     0x20000044   Data           4  wit_c_sdk.o(.data)
    p_WitDelaymsFunc                         0x20000048   Data           4  wit_c_sdk.o(.data)
    s_ucAddr                                 0x2000004c   Data           1  wit_c_sdk.o(.data)
    s_uiWitDataCnt                           0x20000050   Data           4  wit_c_sdk.o(.data)
    s_uiProtoclo                             0x20000054   Data           4  wit_c_sdk.o(.data)
    s_uiReadRegIndex                         0x20000058   Data           4  wit_c_sdk.o(.data)
    .data                                    0x2000005c   Section        4  stdout.o(.data)
    .bss                                     0x20000060   Section      128  bsp_usart.o(.bss)
    .bss                                     0x200000e0   Section      544  wit_c_sdk.o(.bss)
    s_ucWitDataBuff                          0x200000e0   Data         256  wit_c_sdk.o(.bss)
    .bss                                     0x20000300   Section      258  fifo.o(.bss)
    STACK                                    0x20000408   Section     1024  startup_stm32f10x_md.o(STACK)

    Global Symbols

    Symbol Name                              Value     Ov Type        Size  Object(Section)

    BuildAttributes$$THM_ISAv4$P$D$K$B$S$PE$A:L22UL41UL21$X:L11$S22US41US21$IEEE1$IW$USESV6$~STKCKD$USESV7$~SHL$OTIME$ROPI$IEEEX$EBA8$MICROLIB$REQ8$PRES8$EABIv2 0x00000000   Number         0  anon$$obj.o ABSOLUTE
    __ARM_use_no_argv                        0x00000000   Number         0  main.o ABSOLUTE
    _printf_a                                0x00000000   Number         0  stubs.o ABSOLUTE
    _printf_c                                0x00000000   Number         0  stubs.o ABSOLUTE
    _printf_charcount                        0x00000000   Number         0  stubs.o ABSOLUTE
    _printf_d                                0x00000000   Number         0  stubs.o ABSOLUTE
    _printf_e                                0x00000000   Number         0  stubs.o ABSOLUTE
    _printf_f                                0x00000000   Number         0  stubs.o ABSOLUTE
    _printf_flags                            0x00000000   Number         0  stubs.o ABSOLUTE
    _printf_fp_dec                           0x00000000   Number         0  stubs.o ABSOLUTE
    _printf_fp_hex                           0x00000000   Number         0  stubs.o ABSOLUTE
    _printf_g                                0x00000000   Number         0  stubs.o ABSOLUTE
    _printf_i                                0x00000000   Number         0  stubs.o ABSOLUTE
    _printf_int_dec                          0x00000000   Number         0  stubs.o ABSOLUTE
    _printf_l                                0x00000000   Number         0  stubs.o ABSOLUTE
    _printf_lc                               0x00000000   Number         0  stubs.o ABSOLUTE
    _printf_ll                               0x00000000   Number         0  stubs.o ABSOLUTE
    _printf_lld                              0x00000000   Number         0  stubs.o ABSOLUTE
    _printf_lli                              0x00000000   Number         0  stubs.o ABSOLUTE
    _printf_llo                              0x00000000   Number         0  stubs.o ABSOLUTE
    _printf_llu                              0x00000000   Number         0  stubs.o ABSOLUTE
    _printf_llx                              0x00000000   Number         0  stubs.o ABSOLUTE
    _printf_longlong_dec                     0x00000000   Number         0  stubs.o ABSOLUTE
    _printf_longlong_hex                     0x00000000   Number         0  stubs.o ABSOLUTE
    _printf_longlong_oct                     0x00000000   Number         0  stubs.o ABSOLUTE
    _printf_ls                               0x00000000   Number         0  stubs.o ABSOLUTE
    _printf_mbtowc                           0x00000000   Number         0  stubs.o ABSOLUTE
    _printf_n                                0x00000000   Number         0  stubs.o ABSOLUTE
    _printf_o                                0x00000000   Number         0  stubs.o ABSOLUTE
    _printf_p                                0x00000000   Number         0  stubs.o ABSOLUTE
    _printf_percent                          0x00000000   Number         0  stubs.o ABSOLUTE
    _printf_pre_padding                      0x00000000   Number         0  stubs.o ABSOLUTE
    _printf_return_value                     0x00000000   Number         0  stubs.o ABSOLUTE
    _printf_s                                0x00000000   Number         0  stubs.o ABSOLUTE
    _printf_sizespec                         0x00000000   Number         0  stubs.o ABSOLUTE
    _printf_str                              0x00000000   Number         0  stubs.o ABSOLUTE
    _printf_truncate_signed                  0x00000000   Number         0  stubs.o ABSOLUTE
    _printf_truncate_unsigned                0x00000000   Number         0  stubs.o ABSOLUTE
    _printf_u                                0x00000000   Number         0  stubs.o ABSOLUTE
    _printf_wc                               0x00000000   Number         0  stubs.o ABSOLUTE
    _printf_wctomb                           0x00000000   Number         0  stubs.o ABSOLUTE
    _printf_widthprec                        0x00000000   Number         0  stubs.o ABSOLUTE
    _printf_x                                0x00000000   Number         0  stubs.o ABSOLUTE
    __cpp_initialize__aeabi_                  - Undefined Weak Reference
    __cxa_finalize                            - Undefined Weak Reference
    __decompress                              - Undefined Weak Reference
    _clock_init                               - Undefined Weak Reference
    _microlib_exit                            - Undefined Weak Reference
    __Vectors_Size                           0x000000ec   Number         0  startup_stm32f10x_md.o ABSOLUTE
    __Vectors                                0x08000000   Data           4  startup_stm32f10x_md.o(RESET)
    __Vectors_End                            0x080000ec   Data           0  startup_stm32f10x_md.o(RESET)
    __main                                   0x080000ed   Thumb Code     0  entry.o(.ARM.Collect$$$$00000000)
    _main_stk                                0x080000ed   Thumb Code     0  entry2.o(.ARM.Collect$$$$00000001)
    _main_scatterload                        0x080000f1   Thumb Code     0  entry5.o(.ARM.Collect$$$$00000004)
    __main_after_scatterload                 0x080000f5   Thumb Code     0  entry5.o(.ARM.Collect$$$$00000004)
    _main_clock                              0x080000f5   Thumb Code     0  entry7b.o(.ARM.Collect$$$$00000008)
    _main_cpp_init                           0x080000f5   Thumb Code     0  entry8b.o(.ARM.Collect$$$$0000000A)
    _main_init                               0x080000f5   Thumb Code     0  entry9a.o(.ARM.Collect$$$$0000000B)
    __rt_final_cpp                           0x080000fd   Thumb Code     0  entry10a.o(.ARM.Collect$$$$0000000D)
    __rt_final_exit                          0x080000fd   Thumb Code     0  entry11a.o(.ARM.Collect$$$$0000000F)
    Reset_Handler                            0x08000101   Thumb Code     8  startup_stm32f10x_md.o(.text)
    ADC1_2_IRQHandler                        0x0800011b   Thumb Code     0  startup_stm32f10x_md.o(.text)
    CAN1_RX1_IRQHandler                      0x0800011b   Thumb Code     0  startup_stm32f10x_md.o(.text)
    CAN1_SCE_IRQHandler                      0x0800011b   Thumb Code     0  startup_stm32f10x_md.o(.text)
    DMA1_Channel1_IRQHandler                 0x0800011b   Thumb Code     0  startup_stm32f10x_md.o(.text)
    DMA1_Channel2_IRQHandler                 0x0800011b   Thumb Code     0  startup_stm32f10x_md.o(.text)
    DMA1_Channel3_IRQHandler                 0x0800011b   Thumb Code     0  startup_stm32f10x_md.o(.text)
    DMA1_Channel4_IRQHandler                 0x0800011b   Thumb Code     0  startup_stm32f10x_md.o(.text)
    DMA1_Channel5_IRQHandler                 0x0800011b   Thumb Code     0  startup_stm32f10x_md.o(.text)
    DMA1_Channel6_IRQHandler                 0x0800011b   Thumb Code     0  startup_stm32f10x_md.o(.text)
    DMA1_Channel7_IRQHandler                 0x0800011b   Thumb Code     0  startup_stm32f10x_md.o(.text)
    EXTI15_10_IRQHandler                     0x0800011b   Thumb Code     0  startup_stm32f10x_md.o(.text)
    EXTI2_IRQHandler                         0x0800011b   Thumb Code     0  startup_stm32f10x_md.o(.text)
    EXTI3_IRQHandler                         0x0800011b   Thumb Code     0  startup_stm32f10x_md.o(.text)
    EXTI4_IRQHandler                         0x0800011b   Thumb Code     0  startup_stm32f10x_md.o(.text)
    EXTI9_5_IRQHandler                       0x0800011b   Thumb Code     0  startup_stm32f10x_md.o(.text)
    FLASH_IRQHandler                         0x0800011b   Thumb Code     0  startup_stm32f10x_md.o(.text)
    I2C1_ER_IRQHandler                       0x0800011b   Thumb Code     0  startup_stm32f10x_md.o(.text)
    I2C1_EV_IRQHandler                       0x0800011b   Thumb Code     0  startup_stm32f10x_md.o(.text)
    I2C2_ER_IRQHandler                       0x0800011b   Thumb Code     0  startup_stm32f10x_md.o(.text)
    I2C2_EV_IRQHandler                       0x0800011b   Thumb Code     0  startup_stm32f10x_md.o(.text)
    PVD_IRQHandler                           0x0800011b   Thumb Code     0  startup_stm32f10x_md.o(.text)
    RCC_IRQHandler                           0x0800011b   Thumb Code     0  startup_stm32f10x_md.o(.text)
    RTCAlarm_IRQHandler                      0x0800011b   Thumb Code     0  startup_stm32f10x_md.o(.text)
    RTC_IRQHandler                           0x0800011b   Thumb Code     0  startup_stm32f10x_md.o(.text)
    SPI1_IRQHandler                          0x0800011b   Thumb Code     0  startup_stm32f10x_md.o(.text)
    SPI2_IRQHandler                          0x0800011b   Thumb Code     0  startup_stm32f10x_md.o(.text)
    TAMPER_IRQHandler                        0x0800011b   Thumb Code     0  startup_stm32f10x_md.o(.text)
    TIM1_BRK_IRQHandler                      0x0800011b   Thumb Code     0  startup_stm32f10x_md.o(.text)
    TIM1_CC_IRQHandler                       0x0800011b   Thumb Code     0  startup_stm32f10x_md.o(.text)
    TIM1_TRG_COM_IRQHandler                  0x0800011b   Thumb Code     0  startup_stm32f10x_md.o(.text)
    TIM1_UP_IRQHandler                       0x0800011b   Thumb Code     0  startup_stm32f10x_md.o(.text)
    TIM2_IRQHandler                          0x0800011b   Thumb Code     0  startup_stm32f10x_md.o(.text)
    TIM3_IRQHandler                          0x0800011b   Thumb Code     0  startup_stm32f10x_md.o(.text)
    TIM4_IRQHandler                          0x0800011b   Thumb Code     0  startup_stm32f10x_md.o(.text)
    USBWakeUp_IRQHandler                     0x0800011b   Thumb Code     0  startup_stm32f10x_md.o(.text)
    USB_HP_CAN1_TX_IRQHandler                0x0800011b   Thumb Code     0  startup_stm32f10x_md.o(.text)
    USB_LP_CAN1_RX0_IRQHandler               0x0800011b   Thumb Code     0  startup_stm32f10x_md.o(.text)
    WWDG_IRQHandler                          0x0800011b   Thumb Code     0  startup_stm32f10x_md.o(.text)
    __aeabi_memcpy                           0x08000125   Thumb Code    36  memcpya.o(.text)
    __aeabi_memcpy4                          0x08000125   Thumb Code     0  memcpya.o(.text)
    __aeabi_memcpy8                          0x08000125   Thumb Code     0  memcpya.o(.text)
    __aeabi_fmul                             0x08000149   Thumb Code   100  fmul.o(.text)
    __aeabi_fdiv                             0x080001ad   Thumb Code   124  fdiv.o(.text)
    __aeabi_dadd                             0x08000229   Thumb Code   322  dadd.o(.text)
    __aeabi_dsub                             0x0800036b   Thumb Code     6  dadd.o(.text)
    __aeabi_drsub                            0x08000371   Thumb Code     6  dadd.o(.text)
    __aeabi_dmul                             0x08000377   Thumb Code   228  dmul.o(.text)
    __aeabi_ddiv                             0x0800045b   Thumb Code   222  ddiv.o(.text)
    __aeabi_i2f                              0x08000539   Thumb Code    18  fflti.o(.text)
    __aeabi_f2d                              0x0800054b   Thumb Code    38  f2d.o(.text)
    __aeabi_uidiv                            0x08000571   Thumb Code     0  uidiv.o(.text)
    __aeabi_uidivmod                         0x08000571   Thumb Code    44  uidiv.o(.text)
    __aeabi_uldivmod                         0x0800059d   Thumb Code    98  uldiv.o(.text)
    __aeabi_llsl                             0x080005ff   Thumb Code    30  llshl.o(.text)
    _ll_shift_l                              0x080005ff   Thumb Code     0  llshl.o(.text)
    __aeabi_lasr                             0x0800061d   Thumb Code    36  llsshr.o(.text)
    _ll_sshift_r                             0x0800061d   Thumb Code     0  llsshr.o(.text)
    __I$use$fp                               0x08000641   Thumb Code     0  iusefp.o(.text)
    _float_round                             0x08000641   Thumb Code    18  fepilogue.o(.text)
    _float_epilogue                          0x08000653   Thumb Code    92  fepilogue.o(.text)
    _double_round                            0x080006af   Thumb Code    30  depilogue.o(.text)
    _double_epilogue                         0x080006cd   Thumb Code   156  depilogue.o(.text)
    __aeabi_d2ulz                            0x08000769   Thumb Code    48  dfixul.o(.text)
    __aeabi_cdrcmple                         0x08000799   Thumb Code    48  cdrcmple.o(.text)
    __scatterload                            0x080007c9   Thumb Code    28  init.o(.text)
    __scatterload_rt2                        0x080007c9   Thumb Code     0  init.o(.text)
    __aeabi_llsr                             0x080007ed   Thumb Code    32  llushr.o(.text)
    _ll_ushift_r                             0x080007ed   Thumb Code     0  llushr.o(.text)
    BusFault_Handler                         0x080008c1   Thumb Code     4  stm32f10x_it.o(i.BusFault_Handler)
    CheckRange                               0x080008c5   Thumb Code    18  wit_c_sdk.o(i.CheckRange)
    DebugMon_Handler                         0x08000b69   Thumb Code     2  stm32f10x_it.o(i.DebugMon_Handler)
    EXTI0_IRQHandler                         0x08000b79   Thumb Code    22  bsp_key.o(i.EXTI0_IRQHandler)
    EXTI1_IRQHandler                         0x08000b95   Thumb Code    24  bsp_key.o(i.EXTI1_IRQHandler)
    EXTI_ClearITPendingBit                   0x08000bb1   Thumb Code     6  stm32f10x_exti.o(i.EXTI_ClearITPendingBit)
    EXTI_GetITStatus                         0x08000bbd   Thumb Code    34  stm32f10x_exti.o(i.EXTI_GetITStatus)
    Emm_V5_En_Control                        0x08000be5   Thumb Code    58  emm_v5.o(i.Emm_V5_En_Control)
    GPIO_Init                                0x08000c1f   Thumb Code   278  stm32f10x_gpio.o(i.GPIO_Init)
    GPIO_PinRemapConfig                      0x08000d35   Thumb Code   138  stm32f10x_gpio.o(i.GPIO_PinRemapConfig)
    GPIO_SetBits                             0x08000dc5   Thumb Code     4  stm32f10x_gpio.o(i.GPIO_SetBits)
    HardFault_Handler                        0x08000dc9   Thumb Code     4  stm32f10x_it.o(i.HardFault_Handler)
    LED_GPIO_Config                          0x08000dcd   Thumb Code   126  bsp_led.o(i.LED_GPIO_Config)
    MemManage_Handler                        0x08000e51   Thumb Code     4  stm32f10x_it.o(i.MemManage_Handler)
    NMI_Handler                              0x08000e55   Thumb Code     2  stm32f10x_it.o(i.NMI_Handler)
    NVIC_Init                                0x08000e59   Thumb Code   100  misc.o(i.NVIC_Init)
    PendSV_Handler                           0x08000f09   Thumb Code     2  stm32f10x_it.o(i.PendSV_Handler)
    RCC_APB1PeriphClockCmd                   0x08000f0d   Thumb Code    26  stm32f10x_rcc.o(i.RCC_APB1PeriphClockCmd)
    RCC_APB2PeriphClockCmd                   0x08000f2d   Thumb Code    26  stm32f10x_rcc.o(i.RCC_APB2PeriphClockCmd)
    RCC_GetClocksFreq                        0x08000f4d   Thumb Code   192  stm32f10x_rcc.o(i.RCC_GetClocksFreq)
    SVC_Handler                              0x08001021   Thumb Code     2  stm32f10x_it.o(i.SVC_Handler)
    SysTick_CLKSourceConfig                  0x080013a5   Thumb Code    40  misc.o(i.SysTick_CLKSourceConfig)
    SysTick_Handler                          0x080013cd   Thumb Code     2  stm32f10x_it.o(i.SysTick_Handler)
    SystemInit                               0x080013d1   Thumb Code    78  system_stm32f10x.o(i.SystemInit)
    UART5_Config                             0x08001431   Thumb Code   140  bsp_usart.o(i.UART5_Config)
    USART1_Config                            0x080014c9   Thumb Code   136  bsp_usart.o(i.USART1_Config)
    USART1_IRQHandler                        0x08001559   Thumb Code   120  bsp_usart.o(i.USART1_IRQHandler)
    USART2_IRQHandler                        0x080015e1   Thumb Code    40  bsp_usart.o(i.USART2_IRQHandler)
    USART3_IRQHandler                        0x0800160d   Thumb Code    32  bsp_usart.o(i.USART3_IRQHandler)
    USART_ClearITPendingBit                  0x08001631   Thumb Code    30  stm32f10x_usart.o(i.USART_ClearITPendingBit)
    USART_Cmd                                0x0800164f   Thumb Code    24  stm32f10x_usart.o(i.USART_Cmd)
    USART_GetFlagStatus                      0x08001667   Thumb Code    26  stm32f10x_usart.o(i.USART_GetFlagStatus)
    USART_GetITStatus                        0x08001681   Thumb Code    84  stm32f10x_usart.o(i.USART_GetITStatus)
    USART_ITConfig                           0x080016d5   Thumb Code    74  stm32f10x_usart.o(i.USART_ITConfig)
    USART_Init                               0x08001721   Thumb Code   210  stm32f10x_usart.o(i.USART_Init)
    USART_ReceiveData                        0x080017f9   Thumb Code    10  stm32f10x_usart.o(i.USART_ReceiveData)
    USART_SendData                           0x08001803   Thumb Code     8  stm32f10x_usart.o(i.USART_SendData)
    Uart2Send                                0x0800180d   Thumb Code    56  bsp_usart.o(i.Uart2Send)
    UsageFault_Handler                       0x08001849   Thumb Code     4  stm32f10x_it.o(i.UsageFault_Handler)
    Usart2Init                               0x0800184d   Thumb Code   190  bsp_usart.o(i.Usart2Init)
    WitDelayMsRegister                       0x08001915   Thumb Code    18  wit_c_sdk.o(i.WitDelayMsRegister)
    WitInit                                  0x0800192d   Thumb Code    30  wit_c_sdk.o(i.WitInit)
    WitReadReg                               0x08001959   Thumb Code   424  wit_c_sdk.o(i.WitReadReg)
    WitRegisterCallBack                      0x08001b25   Thumb Code    18  wit_c_sdk.o(i.WitRegisterCallBack)
    WitSerialDataIn                          0x08001b3d   Thumb Code   462  wit_c_sdk.o(i.WitSerialDataIn)
    WitSerialWriteRegister                   0x08001d25   Thumb Code    18  wit_c_sdk.o(i.WitSerialWriteRegister)
    WitSetBandwidth                          0x08001d3d   Thumb Code    92  wit_c_sdk.o(i.WitSetBandwidth)
    WitSetContent                            0x08001da1   Thumb Code    94  wit_c_sdk.o(i.WitSetContent)
    WitSetOutputRate                         0x08001e09   Thumb Code    92  wit_c_sdk.o(i.WitSetOutputRate)
    WitSetUartBaud                           0x08001e6d   Thumb Code    92  wit_c_sdk.o(i.WitSetUartBaud)
    WitStartAccCali                          0x08001ed1   Thumb Code    72  wit_c_sdk.o(i.WitStartAccCali)
    WitStartMagCali                          0x08001f21   Thumb Code    72  wit_c_sdk.o(i.WitStartMagCali)
    WitStopMagCali                           0x08001f71   Thumb Code    72  wit_c_sdk.o(i.WitStopMagCali)
    WitWriteReg                              0x08001fc1   Thumb Code   296  wit_c_sdk.o(i.WitWriteReg)
    __0printf                                0x080020fd   Thumb Code    22  printfa.o(i.__0printf)
    __1printf                                0x080020fd   Thumb Code     0  printfa.o(i.__0printf)
    __2printf                                0x080020fd   Thumb Code     0  printfa.o(i.__0printf)
    __c89printf                              0x080020fd   Thumb Code     0  printfa.o(i.__0printf)
    printf                                   0x080020fd   Thumb Code     0  printfa.o(i.__0printf)
    __scatterload_copy                       0x0800216f   Thumb Code    14  handlers.o(i.__scatterload_copy)
    __scatterload_null                       0x0800217d   Thumb Code     2  handlers.o(i.__scatterload_null)
    __scatterload_zeroinit                   0x0800217f   Thumb Code    14  handlers.o(i.__scatterload_zeroinit)
    delay_init                               0x08002a41   Thumb Code    50  bsp_delay.o(i.delay_init)
    delay_ms                                 0x08002a85   Thumb Code    72  bsp_delay.o(i.delay_ms)
    fifo_deQueue                             0x08002ad1   Thumb Code    44  fifo.o(i.fifo_deQueue)
    fifo_enQueue                             0x08002b01   Thumb Code    42  fifo.o(i.fifo_enQueue)
    fifo_queueLength                         0x08002b31   Thumb Code    56  fifo.o(i.fifo_queueLength)
    fputc                                    0x08002b6d   Thumb Code    32  bsp_usart.o(i.fputc)
    main                                     0x08002b91   Thumb Code   250  main.o(i.main)
    usart_SendByte                           0x08002cbd   Thumb Code    56  bsp_usart.o(i.usart_SendByte)
    usart_SendCmd                            0x08002cf9   Thumb Code    44  bsp_usart.o(i.usart_SendCmd)
    c_uiBaud                                 0x08002d24   Data          40  main.o(.constdata)
    Region$$Table$$Base                      0x08003150   Number         0  anon$$obj.o(Region$$Table)
    Region$$Table$$Limit                     0x08003170   Number         0  anon$$obj.o(Region$$Table)
    SystemCoreClock                          0x20000000   Data           4  system_stm32f10x.o(.data)
    AHBPrescTable                            0x20000004   Data          16  system_stm32f10x.o(.data)
    key1_val                                 0x20000030   Data           1  bsp_key.o(.data)
    key2_val                                 0x20000031   Data           1  bsp_key.o(.data)
    rxFrameFlag                              0x20000032   Data           1  bsp_usart.o(.data)
    rxCount                                  0x20000033   Data           1  bsp_usart.o(.data)
    __stdout                                 0x2000005c   Data           4  stdout.o(.data)
    rxCmd                                    0x20000060   Data         128  bsp_usart.o(.bss)
    sReg                                     0x200001e0   Data         288  wit_c_sdk.o(.bss)
    rxFIFO                                   0x20000300   Data         258  fifo.o(.bss)
    __initial_sp                             0x20000808   Data           0  startup_stm32f10x_md.o(STACK)



==============================================================================

Memory Map of the image

  Image Entry point : 0x080000ed

  Load Region LR_IROM1 (Base: 0x08000000, Size: 0x000031d0, Max: 0x00040000, ABSOLUTE)

    Execution Region ER_IROM1 (Exec base: 0x08000000, Load base: 0x08000000, Size: 0x00003170, Max: 0x00040000, ABSOLUTE)

    Exec Addr    Load Addr    Size         Type   Attr      Idx    E Section Name        Object

    0x08000000   0x08000000   0x000000ec   Data   RO            3    RESET               startup_stm32f10x_md.o
    0x080000ec   0x080000ec   0x00000000   Code   RO         4781  * .ARM.Collect$$$$00000000  mc_w.l(entry.o)
    0x080000ec   0x080000ec   0x00000004   Code   RO         5122    .ARM.Collect$$$$00000001  mc_w.l(entry2.o)
    0x080000f0   0x080000f0   0x00000004   Code   RO         5125    .ARM.Collect$$$$00000004  mc_w.l(entry5.o)
    0x080000f4   0x080000f4   0x00000000   Code   RO         5127    .ARM.Collect$$$$00000008  mc_w.l(entry7b.o)
    0x080000f4   0x080000f4   0x00000000   Code   RO         5129    .ARM.Collect$$$$0000000A  mc_w.l(entry8b.o)
    0x080000f4   0x080000f4   0x00000008   Code   RO         5130    .ARM.Collect$$$$0000000B  mc_w.l(entry9a.o)
    0x080000fc   0x080000fc   0x00000000   Code   RO         5132    .ARM.Collect$$$$0000000D  mc_w.l(entry10a.o)
    0x080000fc   0x080000fc   0x00000000   Code   RO         5134    .ARM.Collect$$$$0000000F  mc_w.l(entry11a.o)
    0x080000fc   0x080000fc   0x00000004   Code   RO         5123    .ARM.Collect$$$$00002712  mc_w.l(entry2.o)
    0x08000100   0x08000100   0x00000024   Code   RO            4    .text               startup_stm32f10x_md.o
    0x08000124   0x08000124   0x00000024   Code   RO         4786    .text               mc_w.l(memcpya.o)
    0x08000148   0x08000148   0x00000064   Code   RO         5057    .text               mf_w.l(fmul.o)
    0x080001ac   0x080001ac   0x0000007c   Code   RO         5059    .text               mf_w.l(fdiv.o)
    0x08000228   0x08000228   0x0000014e   Code   RO         5061    .text               mf_w.l(dadd.o)
    0x08000376   0x08000376   0x000000e4   Code   RO         5063    .text               mf_w.l(dmul.o)
    0x0800045a   0x0800045a   0x000000de   Code   RO         5065    .text               mf_w.l(ddiv.o)
    0x08000538   0x08000538   0x00000012   Code   RO         5067    .text               mf_w.l(fflti.o)
    0x0800054a   0x0800054a   0x00000026   Code   RO         5077    .text               mf_w.l(f2d.o)
    0x08000570   0x08000570   0x0000002c   Code   RO         5137    .text               mc_w.l(uidiv.o)
    0x0800059c   0x0800059c   0x00000062   Code   RO         5139    .text               mc_w.l(uldiv.o)
    0x080005fe   0x080005fe   0x0000001e   Code   RO         5141    .text               mc_w.l(llshl.o)
    0x0800061c   0x0800061c   0x00000024   Code   RO         5143    .text               mc_w.l(llsshr.o)
    0x08000640   0x08000640   0x00000000   Code   RO         5152    .text               mc_w.l(iusefp.o)
    0x08000640   0x08000640   0x0000006e   Code   RO         5153    .text               mf_w.l(fepilogue.o)
    0x080006ae   0x080006ae   0x000000ba   Code   RO         5155    .text               mf_w.l(depilogue.o)
    0x08000768   0x08000768   0x00000030   Code   RO         5159    .text               mf_w.l(dfixul.o)
    0x08000798   0x08000798   0x00000030   Code   RO         5161    .text               mf_w.l(cdrcmple.o)
    0x080007c8   0x080007c8   0x00000024   Code   RO         5163    .text               mc_w.l(init.o)
    0x080007ec   0x080007ec   0x00000020   Code   RO         5165    .text               mc_w.l(llushr.o)
    0x0800080c   0x0800080c   0x000000b4   Code   RO         3196    i.AutoScanSensor    main.o
    0x080008c0   0x080008c0   0x00000004   Code   RO         3296    i.BusFault_Handler  stm32f10x_it.o
    0x080008c4   0x080008c4   0x00000012   Code   RO         4476    i.CheckRange        wit_c_sdk.o
    0x080008d6   0x080008d6   0x00000002   PAD
    0x080008d8   0x080008d8   0x000001a0   Code   RO         3197    i.CmdProcess        main.o
    0x08000a78   0x08000a78   0x000000f0   Code   RO         4477    i.CopeWitData       wit_c_sdk.o
    0x08000b68   0x08000b68   0x00000002   Code   RO         3297    i.DebugMon_Handler  stm32f10x_it.o
    0x08000b6a   0x08000b6a   0x0000000c   Code   RO         3199    i.Delayms           main.o
    0x08000b76   0x08000b76   0x00000002   PAD
    0x08000b78   0x08000b78   0x0000001c   Code   RO         3482    i.EXTI0_IRQHandler  bsp_key.o
    0x08000b94   0x08000b94   0x0000001c   Code   RO         3483    i.EXTI1_IRQHandler  bsp_key.o
    0x08000bb0   0x08000bb0   0x0000000c   Code   RO          985    i.EXTI_ClearITPendingBit  stm32f10x_exti.o
    0x08000bbc   0x08000bbc   0x00000028   Code   RO          989    i.EXTI_GetITStatus  stm32f10x_exti.o
    0x08000be4   0x08000be4   0x0000003a   Code   RO         4634    i.Emm_V5_En_Control  emm_v5.o
    0x08000c1e   0x08000c1e   0x00000116   Code   RO         1347    i.GPIO_Init         stm32f10x_gpio.o
    0x08000d34   0x08000d34   0x00000090   Code   RO         1349    i.GPIO_PinRemapConfig  stm32f10x_gpio.o
    0x08000dc4   0x08000dc4   0x00000004   Code   RO         1355    i.GPIO_SetBits      stm32f10x_gpio.o
    0x08000dc8   0x08000dc8   0x00000004   Code   RO         3298    i.HardFault_Handler  stm32f10x_it.o
    0x08000dcc   0x08000dcc   0x00000084   Code   RO         3517    i.LED_GPIO_Config   bsp_led.o
    0x08000e50   0x08000e50   0x00000004   Code   RO         3299    i.MemManage_Handler  stm32f10x_it.o
    0x08000e54   0x08000e54   0x00000002   Code   RO         3300    i.NMI_Handler       stm32f10x_it.o
    0x08000e56   0x08000e56   0x00000002   PAD
    0x08000e58   0x08000e58   0x00000070   Code   RO          137    i.NVIC_Init         misc.o
    0x08000ec8   0x08000ec8   0x00000022   Code   RO         3533    i.NVIC_UART5_Configuration  bsp_usart.o
    0x08000eea   0x08000eea   0x0000001e   Code   RO         3534    i.NVIC_USART1_Configuration  bsp_usart.o
    0x08000f08   0x08000f08   0x00000002   Code   RO         3301    i.PendSV_Handler    stm32f10x_it.o
    0x08000f0a   0x08000f0a   0x00000002   PAD
    0x08000f0c   0x08000f0c   0x00000020   Code   RO         1775    i.RCC_APB1PeriphClockCmd  stm32f10x_rcc.o
    0x08000f2c   0x08000f2c   0x00000020   Code   RO         1777    i.RCC_APB2PeriphClockCmd  stm32f10x_rcc.o
    0x08000f4c   0x08000f4c   0x000000d4   Code   RO         1785    i.RCC_GetClocksFreq  stm32f10x_rcc.o
    0x08001020   0x08001020   0x00000002   Code   RO         3302    i.SVC_Handler       stm32f10x_it.o
    0x08001022   0x08001022   0x00000002   PAD
    0x08001024   0x08001024   0x00000070   Code   RO         3200    i.SensorDataUpdata  main.o
    0x08001094   0x08001094   0x00000010   Code   RO         3201    i.SensorUartSend    main.o
    0x080010a4   0x080010a4   0x00000008   Code   RO           24    i.SetSysClock       system_stm32f10x.o
    0x080010ac   0x080010ac   0x000000e0   Code   RO           25    i.SetSysClockTo72   system_stm32f10x.o
    0x0800118c   0x0800118c   0x00000218   Code   RO         3202    i.ShowHelp          main.o
    0x080013a4   0x080013a4   0x00000028   Code   RO          141    i.SysTick_CLKSourceConfig  misc.o
    0x080013cc   0x080013cc   0x00000002   Code   RO         3303    i.SysTick_Handler   stm32f10x_it.o
    0x080013ce   0x080013ce   0x00000002   PAD
    0x080013d0   0x080013d0   0x00000060   Code   RO           27    i.SystemInit        system_stm32f10x.o
    0x08001430   0x08001430   0x00000098   Code   RO         3539    i.UART5_Config      bsp_usart.o
    0x080014c8   0x080014c8   0x00000090   Code   RO         3541    i.USART1_Config     bsp_usart.o
    0x08001558   0x08001558   0x00000088   Code   RO         3542    i.USART1_IRQHandler  bsp_usart.o
    0x080015e0   0x080015e0   0x0000002c   Code   RO         3544    i.USART2_IRQHandler  bsp_usart.o
    0x0800160c   0x0800160c   0x00000024   Code   RO         3546    i.USART3_IRQHandler  bsp_usart.o
    0x08001630   0x08001630   0x0000001e   Code   RO         2957    i.USART_ClearITPendingBit  stm32f10x_usart.o
    0x0800164e   0x0800164e   0x00000018   Code   RO         2960    i.USART_Cmd         stm32f10x_usart.o
    0x08001666   0x08001666   0x0000001a   Code   RO         2963    i.USART_GetFlagStatus  stm32f10x_usart.o
    0x08001680   0x08001680   0x00000054   Code   RO         2964    i.USART_GetITStatus  stm32f10x_usart.o
    0x080016d4   0x080016d4   0x0000004a   Code   RO         2966    i.USART_ITConfig    stm32f10x_usart.o
    0x0800171e   0x0800171e   0x00000002   PAD
    0x08001720   0x08001720   0x000000d8   Code   RO         2967    i.USART_Init        stm32f10x_usart.o
    0x080017f8   0x080017f8   0x0000000a   Code   RO         2974    i.USART_ReceiveData  stm32f10x_usart.o
    0x08001802   0x08001802   0x00000008   Code   RO         2977    i.USART_SendData    stm32f10x_usart.o
    0x0800180a   0x0800180a   0x00000002   PAD
    0x0800180c   0x0800180c   0x0000003c   Code   RO         3547    i.Uart2Send         bsp_usart.o
    0x08001848   0x08001848   0x00000004   Code   RO         3304    i.UsageFault_Handler  stm32f10x_it.o
    0x0800184c   0x0800184c   0x000000c8   Code   RO         3549    i.Usart2Init        bsp_usart.o
    0x08001914   0x08001914   0x00000018   Code   RO         4481    i.WitDelayMsRegister  wit_c_sdk.o
    0x0800192c   0x0800192c   0x0000002c   Code   RO         4483    i.WitInit           wit_c_sdk.o
    0x08001958   0x08001958   0x000001cc   Code   RO         4484    i.WitReadReg        wit_c_sdk.o
    0x08001b24   0x08001b24   0x00000018   Code   RO         4485    i.WitRegisterCallBack  wit_c_sdk.o
    0x08001b3c   0x08001b3c   0x000001e8   Code   RO         4486    i.WitSerialDataIn   wit_c_sdk.o
    0x08001d24   0x08001d24   0x00000018   Code   RO         4487    i.WitSerialWriteRegister  wit_c_sdk.o
    0x08001d3c   0x08001d3c   0x00000064   Code   RO         4488    i.WitSetBandwidth   wit_c_sdk.o
    0x08001da0   0x08001da0   0x00000068   Code   RO         4490    i.WitSetContent     wit_c_sdk.o
    0x08001e08   0x08001e08   0x00000064   Code   RO         4491    i.WitSetOutputRate  wit_c_sdk.o
    0x08001e6c   0x08001e6c   0x00000064   Code   RO         4492    i.WitSetUartBaud    wit_c_sdk.o
    0x08001ed0   0x08001ed0   0x00000050   Code   RO         4493    i.WitStartAccCali   wit_c_sdk.o
    0x08001f20   0x08001f20   0x00000050   Code   RO         4494    i.WitStartMagCali   wit_c_sdk.o
    0x08001f70   0x08001f70   0x00000050   Code   RO         4496    i.WitStopMagCali    wit_c_sdk.o
    0x08001fc0   0x08001fc0   0x0000013c   Code   RO         4497    i.WitWriteReg       wit_c_sdk.o
    0x080020fc   0x080020fc   0x00000020   Code   RO         5027    i.__0printf         mc_w.l(printfa.o)
    0x0800211c   0x0800211c   0x00000038   Code   RO         4498    i.__CRC16           wit_c_sdk.o
    0x08002154   0x08002154   0x0000001a   Code   RO         4499    i.__CaliSum         wit_c_sdk.o
    0x0800216e   0x0800216e   0x0000000e   Code   RO         5173    i.__scatterload_copy  mc_w.l(handlers.o)
    0x0800217c   0x0800217c   0x00000002   Code   RO         5174    i.__scatterload_null  mc_w.l(handlers.o)
    0x0800217e   0x0800217e   0x0000000e   Code   RO         5175    i.__scatterload_zeroinit  mc_w.l(handlers.o)
    0x0800218c   0x0800218c   0x00000184   Code   RO         5034    i._fp_digits        mc_w.l(printfa.o)
    0x08002310   0x08002310   0x000006dc   Code   RO         5035    i._printf_core      mc_w.l(printfa.o)
    0x080029ec   0x080029ec   0x00000024   Code   RO         5036    i._printf_post_padding  mc_w.l(printfa.o)
    0x08002a10   0x08002a10   0x0000002e   Code   RO         5037    i._printf_pre_padding  mc_w.l(printfa.o)
    0x08002a3e   0x08002a3e   0x00000002   PAD
    0x08002a40   0x08002a40   0x00000044   Code   RO         3387    i.delay_init        bsp_delay.o
    0x08002a84   0x08002a84   0x0000004c   Code   RO         3388    i.delay_ms          bsp_delay.o
    0x08002ad0   0x08002ad0   0x00000030   Code   RO         4721    i.fifo_deQueue      fifo.o
    0x08002b00   0x08002b00   0x00000030   Code   RO         4722    i.fifo_enQueue      fifo.o
    0x08002b30   0x08002b30   0x0000003c   Code   RO         4724    i.fifo_queueLength  fifo.o
    0x08002b6c   0x08002b6c   0x00000024   Code   RO         3556    i.fputc             bsp_usart.o
    0x08002b90   0x08002b90   0x0000012c   Code   RO         3203    i.main              main.o
    0x08002cbc   0x08002cbc   0x0000003c   Code   RO         3557    i.usart_SendByte    bsp_usart.o
    0x08002cf8   0x08002cf8   0x0000002c   Code   RO         3558    i.usart_SendCmd     bsp_usart.o
    0x08002d24   0x08002d24   0x00000028   Data   RO         3205    .constdata          main.o
    0x08002d4c   0x08002d4c   0x00000200   Data   RO         4501    .constdata          wit_c_sdk.o
    0x08002f4c   0x08002f4c   0x00000202   Data   RO         3206    .conststring        main.o
    0x0800314e   0x0800314e   0x00000002   PAD
    0x08003150   0x08003150   0x00000020   Data   RO         5171    Region$$Table       anon$$obj.o


    Execution Region RW_IRAM1 (Exec base: 0x20000000, Load base: 0x08003170, Size: 0x00000808, Max: 0x0000c000, ABSOLUTE)

    Exec Addr    Load Addr    Size         Type   Attr      Idx    E Section Name        Object

    0x20000000   0x08003170   0x00000014   Data   RW           28    .data               system_stm32f10x.o
    0x20000014   0x08003184   0x00000014   Data   RW         1805    .data               stm32f10x_rcc.o
    0x20000028   0x08003198   0x00000003   Data   RW         3207    .data               main.o
    0x2000002b   0x0800319b   0x00000001   PAD
    0x2000002c   0x0800319c   0x00000004   Data   RW         3390    .data               bsp_delay.o
    0x20000030   0x080031a0   0x00000002   Data   RW         3486    .data               bsp_key.o
    0x20000032   0x080031a2   0x00000002   Data   RW         3560    .data               bsp_usart.o
    0x20000034   0x080031a4   0x00000028   Data   RW         4502    .data               wit_c_sdk.o
    0x2000005c   0x080031cc   0x00000004   Data   RW         5136    .data               mc_w.l(stdout.o)
    0x20000060        -       0x00000080   Zero   RW         3559    .bss                bsp_usart.o
    0x200000e0        -       0x00000220   Zero   RW         4500    .bss                wit_c_sdk.o
    0x20000300        -       0x00000102   Zero   RW         4726    .bss                fifo.o
    0x20000402   0x080031d0   0x00000006   PAD
    0x20000408        -       0x00000400   Zero   RW            1    STACK               startup_stm32f10x_md.o


==============================================================================

Image component sizes


      Code (inc. data)   RO Data    RW Data    ZI Data      Debug   Object Name

       144         22          0          4          0       1244   bsp_delay.o
        56         10          0          2          0       1238   bsp_key.o
       132          6          0          0          0        554   bsp_led.o
       976         66          0          2        128       8045   bsp_usart.o
         0          0          0          0          0       4500   core_cm3.o
        58          0          0          0          0        676   emm_v5.o
       156         14          0          0        258       2534   fifo.o
      1572        734        554          3          0       6740   main.o
       152         12          0          0          0     206282   misc.o
        36          8        236          0       1024        844   startup_stm32f10x_md.o
         0          0          0          0          0       1684   stm32f10x_adc.o
        52         12          0          0          0       1112   stm32f10x_exti.o
       426          6          0          0          0      11633   stm32f10x_gpio.o
        26          0          0          0          0       3974   stm32f10x_it.o
       276         32          0         20          0      13118   stm32f10x_rcc.o
       472          6          0          0          0      12739   stm32f10x_usart.o
       328         28          0         20          0      25389   system_stm32f10x.o
      2364        210        512         40        544      14358   wit_c_sdk.o

    ----------------------------------------------------------------------
      7242       1166       1336         92       1960     316664   Object Totals
         0          0         32          0          0          0   (incl. Generated)
        16          0          2          1          6          0   (incl. Padding)

    ----------------------------------------------------------------------

      Code (inc. data)   RO Data    RW Data    ZI Data      Debug   Library Member Name

         0          0          0          0          0          0   entry.o
         0          0          0          0          0          0   entry10a.o
         0          0          0          0          0          0   entry11a.o
         8          4          0          0          0          0   entry2.o
         4          0          0          0          0          0   entry5.o
         0          0          0          0          0          0   entry7b.o
         0          0          0          0          0          0   entry8b.o
         8          4          0          0          0          0   entry9a.o
        30          0          0          0          0          0   handlers.o
        36          8          0          0          0         68   init.o
         0          0          0          0          0          0   iusefp.o
        30          0          0          0          0         68   llshl.o
        36          0          0          0          0         68   llsshr.o
        32          0          0          0          0         68   llushr.o
        36          0          0          0          0         68   memcpya.o
      2258         90          0          0          0        452   printfa.o
         0          0          0          4          0          0   stdout.o
        44          0          0          0          0         80   uidiv.o
        98          0          0          0          0         92   uldiv.o
        48          0          0          0          0         68   cdrcmple.o
       334          0          0          0          0        148   dadd.o
       222          0          0          0          0        100   ddiv.o
       186          0          0          0          0        176   depilogue.o
        48          0          0          0          0         68   dfixul.o
       228          0          0          0          0         96   dmul.o
        38          0          0          0          0         68   f2d.o
       124          0          0          0          0         88   fdiv.o
       110          0          0          0          0        168   fepilogue.o
        18          0          0          0          0         68   fflti.o
       100          0          0          0          0         76   fmul.o

    ----------------------------------------------------------------------
      4078        106          0          4          0       2088   Library Totals
         2          0          0          0          0          0   (incl. Padding)

    ----------------------------------------------------------------------

      Code (inc. data)   RO Data    RW Data    ZI Data      Debug   Library Name

      2620        106          0          4          0        964   mc_w.l
      1456          0          0          0          0       1124   mf_w.l

    ----------------------------------------------------------------------
      4078        106          0          4          0       2088   Library Totals

    ----------------------------------------------------------------------

==============================================================================


      Code (inc. data)   RO Data    RW Data    ZI Data      Debug   

     11320       1272       1336         96       1960     314068   Grand Totals
     11320       1272       1336         96       1960     314068   ELF Image Totals
     11320       1272       1336         96          0          0   ROM Totals

==============================================================================

    Total RO  Size (Code + RO Data)                12656 (  12.36kB)
    Total RW  Size (RW Data + ZI Data)              2056 (   2.01kB)
    Total ROM Size (Code + RO Data + RW Data)      12752 (  12.45kB)

==============================================================================

